Component: ARM Compiler 5.06 update 7 (build 960) Tool: armlink [4d3601]

==============================================================================

Section Cross References

    startup_stm32f103xb.o(RESET) refers to startup_stm32f103xb.o(STACK) for __initial_sp
    startup_stm32f103xb.o(RESET) refers to startup_stm32f103xb.o(.text) for Reset_Handler
    startup_stm32f103xb.o(RESET) refers to stm32f1xx_it.o(i.NMI_Handler) for NMI_Handler
    startup_stm32f103xb.o(RESET) refers to stm32f1xx_it.o(i.HardFault_Handler) for HardFault_Handler
    startup_stm32f103xb.o(RESET) refers to stm32f1xx_it.o(i.MemManage_Handler) for MemManage_Handler
    startup_stm32f103xb.o(RESET) refers to stm32f1xx_it.o(i.BusFault_Handler) for BusFault_Handler
    startup_stm32f103xb.o(RESET) refers to stm32f1xx_it.o(i.UsageFault_Handler) for UsageFault_Handler
    startup_stm32f103xb.o(RESET) refers to stm32f1xx_it.o(i.SVC_Handler) for SVC_Handler
    startup_stm32f103xb.o(RESET) refers to stm32f1xx_it.o(i.DebugMon_Handler) for DebugMon_Handler
    startup_stm32f103xb.o(RESET) refers to stm32f1xx_it.o(i.PendSV_Handler) for PendSV_Handler
    startup_stm32f103xb.o(RESET) refers to stm32f1xx_it.o(i.SysTick_Handler) for SysTick_Handler
    startup_stm32f103xb.o(RESET) refers to stm32f1xx_it.o(i.EXTI9_5_IRQHandler) for EXTI9_5_IRQHandler
    startup_stm32f103xb.o(.text) refers to system_stm32f1xx.o(i.SystemInit) for SystemInit
    startup_stm32f103xb.o(.text) refers to entry.o(.ARM.Collect$$$$00000000) for __main
    main.o(i.SystemClock_Config) refers to memseta.o(.text) for __aeabi_memclr4
    main.o(i.SystemClock_Config) refers to stm32f1xx_hal_rcc.o(i.HAL_RCC_OscConfig) for HAL_RCC_OscConfig
    main.o(i.SystemClock_Config) refers to main.o(i.Error_Handler) for Error_Handler
    main.o(i.SystemClock_Config) refers to stm32f1xx_hal_rcc.o(i.HAL_RCC_ClockConfig) for HAL_RCC_ClockConfig
    main.o(i.main) refers to stm32f1xx_hal.o(i.HAL_Init) for HAL_Init
    main.o(i.main) refers to main.o(i.SystemClock_Config) for SystemClock_Config
    main.o(i.main) refers to gpio.o(i.MX_GPIO_Init) for MX_GPIO_Init
    main.o(i.main) refers to usart.o(i.MX_USART1_UART_Init) for MX_USART1_UART_Init
    main.o(i.main) refers to tim.o(i.MX_TIM3_Init) for MX_TIM3_Init
    main.o(i.main) refers to i2c.o(i.MX_I2C1_Init) for MX_I2C1_Init
    main.o(i.main) refers to usart.o(i.MX_USART2_UART_Init) for MX_USART2_UART_Init
    main.o(i.main) refers to usart.o(i.MX_USART3_UART_Init) for MX_USART3_UART_Init
    main.o(i.main) refers to spi.o(i.MX_SPI1_Init) for MX_SPI1_Init
    main.o(i.main) refers to strrchr.o(.text) for strrchr
    main.o(i.main) refers to printfa.o(i.__0printf) for __2printf
    main.o(i.main) refers to int_led.o(i.Int_led_send_data) for Int_led_send_data
    main.o(i.main) refers to int_llcc68.o(i.Int_llcc68_init) for Int_llcc68_init
    main.o(i.main) refers to int_llcc68.o(i.Int_llcc68_receive) for Int_llcc68_receive
    main.o(i.main) refers to memseta.o(.text) for __aeabi_memclr4
    main.o(i.main) refers to stm32f1xx_hal.o(i.HAL_Delay) for HAL_Delay
    gpio.o(i.MX_GPIO_Init) refers to stm32f1xx_hal_gpio.o(i.HAL_GPIO_WritePin) for HAL_GPIO_WritePin
    gpio.o(i.MX_GPIO_Init) refers to stm32f1xx_hal_gpio.o(i.HAL_GPIO_Init) for HAL_GPIO_Init
    gpio.o(i.MX_GPIO_Init) refers to stm32f1xx_hal_cortex.o(i.HAL_NVIC_SetPriority) for HAL_NVIC_SetPriority
    gpio.o(i.MX_GPIO_Init) refers to stm32f1xx_hal_cortex.o(i.HAL_NVIC_EnableIRQ) for HAL_NVIC_EnableIRQ
    i2c.o(i.HAL_I2C_MspDeInit) refers to stm32f1xx_hal_gpio.o(i.HAL_GPIO_DeInit) for HAL_GPIO_DeInit
    i2c.o(i.HAL_I2C_MspInit) refers to stm32f1xx_hal_gpio.o(i.HAL_GPIO_Init) for HAL_GPIO_Init
    i2c.o(i.MX_I2C1_Init) refers to stm32f1xx_hal_i2c.o(i.HAL_I2C_Init) for HAL_I2C_Init
    i2c.o(i.MX_I2C1_Init) refers to main.o(i.Error_Handler) for Error_Handler
    i2c.o(i.MX_I2C1_Init) refers to i2c.o(.bss) for hi2c1
    spi.o(i.HAL_SPI_MspDeInit) refers to stm32f1xx_hal_gpio.o(i.HAL_GPIO_DeInit) for HAL_GPIO_DeInit
    spi.o(i.HAL_SPI_MspInit) refers to stm32f1xx_hal_gpio.o(i.HAL_GPIO_Init) for HAL_GPIO_Init
    spi.o(i.MX_SPI1_Init) refers to stm32f1xx_hal_spi.o(i.HAL_SPI_Init) for HAL_SPI_Init
    spi.o(i.MX_SPI1_Init) refers to main.o(i.Error_Handler) for Error_Handler
    spi.o(i.MX_SPI1_Init) refers to spi.o(.bss) for hspi1
    tim.o(i.HAL_TIM_MspPostInit) refers to stm32f1xx_hal_gpio.o(i.HAL_GPIO_Init) for HAL_GPIO_Init
    tim.o(i.MX_TIM3_Init) refers to memseta.o(.text) for __aeabi_memclr4
    tim.o(i.MX_TIM3_Init) refers to stm32f1xx_hal_tim.o(i.HAL_TIM_Base_Init) for HAL_TIM_Base_Init
    tim.o(i.MX_TIM3_Init) refers to main.o(i.Error_Handler) for Error_Handler
    tim.o(i.MX_TIM3_Init) refers to stm32f1xx_hal_tim.o(i.HAL_TIM_ConfigClockSource) for HAL_TIM_ConfigClockSource
    tim.o(i.MX_TIM3_Init) refers to stm32f1xx_hal_tim.o(i.HAL_TIM_PWM_Init) for HAL_TIM_PWM_Init
[...]
    ../fplib/microlib/fpflt.c                0x00000000   Number         0  dfltul.o ABSOLUTE
    ../fplib/microlib/fpflt.c                0x00000000   Number         0  ffltui.o ABSOLUTE
    ../fplib/microlib/fpmul.c                0x00000000   Number         0  dmul.o ABSOLUTE
    ../fplib/microlib/fpmul.c                0x00000000   Number         0  fmul.o ABSOLUTE
    ../fplib/microlib/fpscalb.c              0x00000000   Number         0  fscalb.o ABSOLUTE
    ../fplib/microlib/fpstat.c               0x00000000   Number         0  fpstat.o ABSOLUTE
    ../mathlib/fpclassifyf.c                 0x00000000   Number         0  fpclassifyf.o ABSOLUTE
    ../mathlib/funder.c                      0x00000000   Number         0  funder.o ABSOLUTE
    ../mathlib/powf.c                        0x00000000   Number         0  powf.o ABSOLUTE
    ../mathlib/powf.c                        0x00000000   Number         0  powf_x.o ABSOLUTE
    ..\Core\Src\gpio.c                       0x00000000   Number         0  gpio.o ABSOLUTE
    ..\Core\Src\i2c.c                        0x00000000   Number         0  i2c.o ABSOLUTE
    ..\Core\Src\main.c                       0x00000000   Number         0  main.o ABSOLUTE
    ..\Core\Src\spi.c                        0x00000000   Number         0  spi.o ABSOLUTE
    ..\Core\Src\stm32f1xx_hal_msp.c          0x00000000   Number         0  stm32f1xx_hal_msp.o ABSOLUTE
    ..\Core\Src\stm32f1xx_it.c               0x00000000   Number         0  stm32f1xx_it.o ABSOLUTE
    ..\Core\Src\system_stm32f1xx.c           0x00000000   Number         0  system_stm32f1xx.o ABSOLUTE
    ..\Core\Src\tim.c                        0x00000000   Number         0  tim.o ABSOLUTE
    ..\Core\Src\usart.c                      0x00000000   Number         0  usart.o ABSOLUTE
    ..\Drivers\STM32F1xx_HAL_Driver\Src\stm32f1xx_hal.c 0x00000000   Number         0  stm32f1xx_hal.o ABSOLUTE
    ..\Drivers\STM32F1xx_HAL_Driver\Src\stm32f1xx_hal_cortex.c 0x00000000   Number         0  stm32f1xx_hal_cortex.o ABSOLUTE
    ..\Drivers\STM32F1xx_HAL_Driver\Src\stm32f1xx_hal_dma.c 0x00000000   Number         0  stm32f1xx_hal_dma.o ABSOLUTE
    ..\Drivers\STM32F1xx_HAL_Driver\Src\stm32f1xx_hal_exti.c 0x00000000   Number         0  stm32f1xx_hal_exti.o ABSOLUTE
    ..\Drivers\STM32F1xx_HAL_Driver\Src\stm32f1xx_hal_flash.c 0x00000000   Number         0  stm32f1xx_hal_flash.o ABSOLUTE
    ..\Drivers\STM32F1xx_HAL_Driver\Src\stm32f1xx_hal_flash_ex.c 0x00000000   Number         0  stm32f1xx_hal_flash_ex.o ABSOLUTE
    ..\Drivers\STM32F1xx_HAL_Driver\Src\stm32f1xx_hal_gpio.c 0x00000000   Number         0  stm32f1xx_hal_gpio.o ABSOLUTE
    ..\Drivers\STM32F1xx_HAL_Driver\Src\stm32f1xx_hal_gpio_ex.c 0x00000000   Number         0  stm32f1xx_hal_gpio_ex.o ABSOLUTE
    ..\Drivers\STM32F1xx_HAL_Driver\Src\stm32f1xx_hal_i2c.c 0x00000000   Number         0  stm32f1xx_hal_i2c.o ABSOLUTE
    ..\Drivers\STM32F1xx_HAL_Driver\Src\stm32f1xx_hal_pwr.c 0x00000000   Number         0  stm32f1xx_hal_pwr.o ABSOLUTE
    ..\Drivers\STM32F1xx_HAL_Driver\Src\stm32f1xx_hal_rcc.c 0x00000000   Number         0  stm32f1xx_hal_rcc.o ABSOLUTE
    ..\Drivers\STM32F1xx_HAL_Driver\Src\stm32f1xx_hal_rcc_ex.c 0x00000000   Number         0  stm32f1xx_hal_rcc_ex.o ABSOLUTE
    ..\Drivers\STM32F1xx_HAL_Driver\Src\stm32f1xx_hal_spi.c 0x00000000   Number         0  stm32f1xx_hal_spi.o ABSOLUTE
    ..\Drivers\STM32F1xx_HAL_Driver\Src\stm32f1xx_hal_tim.c 0x00000000   Number         0  stm32f1xx_hal_tim.o ABSOLUTE
    ..\Drivers\STM32F1xx_HAL_Driver\Src\stm32f1xx_hal_tim_ex.c 0x00000000   Number         0  stm32f1xx_hal_tim_ex.o ABSOLUTE
    ..\Drivers\STM32F1xx_HAL_Driver\Src\stm32f1xx_hal_uart.c 0x00000000   Number         0  stm32f1xx_hal_uart.o ABSOLUTE
    cdrcmple.s                               0x00000000   Number         0  cdrcmple.o ABSOLUTE
    cfcmple.s                                0x00000000   Number         0  cfcmple.o ABSOLUTE
    common\Com_Filter.c                      0x00000000   Number         0  com_filter.o ABSOLUTE
    common\Com_debug.c                       0x00000000   Number         0  com_debug.o ABSOLUTE
    common\\Com_debug.c                      0x00000000   Number         0  com_debug.o ABSOLUTE
    dc.s                                     0x00000000   Number         0  dc.o ABSOLUTE
    handlers.s                               0x00000000   Number         0  handlers.o ABSOLUTE
    init.s                                   0x00000000   Number         0  init.o ABSOLUTE
    interface\Int_AT6558R.c                  0x00000000   Number         0  int_at6558r.o ABSOLUTE
    interface\Int_buzzer.c                   0x00000000   Number         0  int_buzzer.o ABSOLUTE
    interface\Int_led.c                      0x00000000   Number         0  int_led.o ABSOLUTE
    interface\Int_mpu6050.c                  0x00000000   Number         0  int_mpu6050.o ABSOLUTE
    interface\Int_qs100.c                    0x00000000   Number         0  int_qs100.o ABSOLUTE
    interface\Int_step.c                     0x00000000   Number         0  int_step.o ABSOLUTE
    interface\\Int_AT6558R.c                 0x00000000   Number         0  int_at6558r.o ABSOLUTE
    interface\\Int_buzzer.c                  0x00000000   Number         0  int_buzzer.o ABSOLUTE
    interface\\Int_led.c                     0x00000000   Number         0  int_led.o ABSOLUTE
    interface\\Int_mpu6050.c                 0x00000000   Number         0  int_mpu6050.o ABSOLUTE
    interface\\Int_qs100.c                   0x00000000   Number         0  int_qs100.o ABSOLUTE
    interface\\Int_step.c                    0x00000000   Number         0  int_step.o ABSOLUTE
    interface\\lora\\Int_llcc68.c            0x00000000   Number         0  int_llcc68.o ABSOLUTE
    interface\\lora\\driver_llcc68_interface.c 0x00000000   Number         0  driver_llcc68_interface.o ABSOLUTE
    interface\lora\Int_llcc68.c              0x00000000   Number         0  int_llcc68.o ABSOLUTE
    interface\lora\driver_llcc68.c           0x00000000   Number         0  driver_llcc68.o ABSOLUTE
    interface\lora\driver_llcc68_interface.c 0x00000000   Number         0  driver_llcc68_interface.o ABSOLUTE
    startup_stm32f103xb.s                    0x00000000   Number         0  startup_stm32f103xb.o ABSOLUTE
    RESET                                    0x08000000   Section      236  startup_stm32f103xb.o(RESET)
    .ARM.Collect$$$$00000000                 0x080000ec   Section        0  entry.o(.ARM.Collect$$$$00000000)
    .ARM.Collect$$$$00000001                 0x080000ec   Section        4  entry2.o(.ARM.Collect$$$$00000001)
    .ARM.Collect$$$$00000004                 0x080000f0   Section        4  entry5.o(.ARM.Collect$$$$00000004)
    .ARM.Collect$$$$00000008                 0x080000f4   Section        0  entry7b.o(.ARM.Collect$$$$00000008)
    .ARM.Collect$$$$0000000A                 0x080000f4   Section        0  entry8b.o(.ARM.Collect$$$$0000000A)
    .ARM.Collect$$$$0000000B                 0x080000f4   Section        8  entry9a.o(.ARM.Collect$$$$0000000B)
    .ARM.Collect$$$$0000000E                 0x080000fc   Section        4  entry12b.o(.ARM.Collect$$$$0000000E)
    .ARM.Collect$$$$0000000F                 0x08000100   Section        0  entry10a.o(.ARM.Collect$$$$0000000F)
    .ARM.Collect$$$$00000011                 0x08000100   Section        0  entry11a.o(.ARM.Collect$$$$00000011)
    .ARM.Collect$$$$00002712                 0x08000100   Section        4  entry2.o(.ARM.Collect$$$$00002712)
    __lit__00000000                          0x08000100   Data           4  entry2.o(.ARM.Collect$$$$00002712)
    .text                                    0x08000104   Section       36  startup_stm32f103xb.o(.text)
    .text                                    0x08000128   Section        0  llushr.o(.text)
    .text                                    0x08000148   Section        0  memcpya.o(.text)
    .text                                    0x0800016c   Section        0  memseta.o(.text)
    .text                                    0x08000190   Section        0  strrchr.o(.text)
    .text                                    0x080001a6   Section        0  fadd.o(.text)
    .text                                    0x08000256   Section        0  fmul.o(.text)
    .text                                    0x080002ba   Section        0  fdiv.o(.text)
    .text                                    0x08000336   Section        0  dadd.o(.text)
    .text                                    0x08000484   Section        0  dmul.o(.text)
    .text                                    0x08000568   Section        0  ddiv.o(.text)
    .text                                    0x08000646   Section        0  fflti.o(.text)
    .text                                    0x08000658   Section        0  ffltui.o(.text)
    .text                                    0x08000662   Section        0  ffixui.o(.text)
    .text                                    0x0800068a   Section        0  uidiv.o(.text)
    .text                                    0x080006b6   Section        0  uldiv.o(.text)
    .text                                    0x08000718   Section        0  llshl.o(.text)
    .text                                    0x08000736   Section        0  llsshr.o(.text)
    .text                                    0x0800075a   Section        0  fepilogue.o(.text)
    .text                                    0x0800075a   Section        0  iusefp.o(.text)
    .text                                    0x080007c8   Section        0  fscalb.o(.text)
    .text                                    0x080007e0   Section        0  depilogue.o(.text)
    .text                                    0x0800089a   Section        0  dfixul.o(.text)
    .text                                    0x080008ca   Section        0  ffixir.o(.text)
    .text                                    0x08000918   Section       48  cdrcmple.o(.text)
    .text                                    0x08000948   Section        0  fpstat.o(.text)
    .text                                    0x0800094c   Section       36  init.o(.text)
    i.BusFault_Handler                       0x08000970   Section        0  stm32f1xx_it.o(i.BusFault_Handler)
    i.DebugMon_Handler                       0x08000974   Section        0  stm32f1xx_it.o(i.DebugMon_Handler)
    i.EXTI9_5_IRQHandler                     0x08000976   Section        0  stm32f1xx_it.o(i.EXTI9_5_IRQHandler)
    i.Error_Handler                          0x08000982   Section        0  main.o(i.Error_Handler)
    i.HAL_Delay                              0x08000988   Section        0  stm32f1xx_hal.o(i.HAL_Delay)
    i.HAL_GPIO_EXTI_Callback                 0x080009b0   Section        0  stm32f1xx_hal_gpio.o(i.HAL_GPIO_EXTI_Callback)
    i.HAL_GPIO_EXTI_IRQHandler               0x080009b4   Section        0  stm32f1xx_hal_gpio.o(i.HAL_GPIO_EXTI_IRQHandler)
    i.HAL_GPIO_Init                          0x080009d0   Section        0  stm32f1xx_hal_gpio.o(i.HAL_GPIO_Init)
    i.HAL_GPIO_ReadPin                       0x08000cf0   Section        0  stm32f1xx_hal_gpio.o(i.HAL_GPIO_ReadPin)
    i.HAL_GPIO_WritePin                      0x08000d00   Section        0  stm32f1xx_hal_gpio.o(i.HAL_GPIO_WritePin)
    i.HAL_GetTick                            0x08000d0c   Section        0  stm32f1xx_hal.o(i.HAL_GetTick)
    i.HAL_I2C_Init                           0x08000d18   Section        0  stm32f1xx_hal_i2c.o(i.HAL_I2C_Init)
    i.HAL_I2C_MspInit                        0x08000ee8   Section        0  i2c.o(i.HAL_I2C_MspInit)
    i.HAL_IncTick                            0x08000f5c   Section        0  stm32f1xx_hal.o(i.HAL_IncTick)
    i.HAL_Init                               0x08000f74   Section        0  stm32f1xx_hal.o(i.HAL_Init)
    i.HAL_InitTick                           0x08000f9c   Section        0  stm32f1xx_hal.o(i.HAL_InitTick)
    i.HAL_MspInit                            0x08000fe8   Section        0  stm32f1xx_hal_msp.o(i.HAL_MspInit)
    i.HAL_NVIC_EnableIRQ                     0x0800103c   Section        0  stm32f1xx_hal_cortex.o(i.HAL_NVIC_EnableIRQ)
    i.HAL_NVIC_SetPriority                   0x0800105c   Section        0  stm32f1xx_hal_cortex.o(i.HAL_NVIC_SetPriority)
    i.HAL_NVIC_SetPriorityGrouping           0x080010d8   Section        0  stm32f1xx_hal_cortex.o(i.HAL_NVIC_SetPriorityGrouping)
    i.HAL_RCC_ClockConfig                    0x08001100   Section        0  stm32f1xx_hal_rcc.o(i.HAL_RCC_ClockConfig)
    i.HAL_RCC_GetHCLKFreq                    0x0800128c   Section        0  stm32f1xx_hal_rcc.o(i.HAL_RCC_GetHCLKFreq)
    i.HAL_RCC_GetPCLK1Freq                   0x08001298   Section        0  stm32f1xx_hal_rcc.o(i.HAL_RCC_GetPCLK1Freq)
    i.HAL_RCC_GetPCLK2Freq                   0x080012b8   Section        0  stm32f1xx_hal_rcc.o(i.HAL_RCC_GetPCLK2Freq)
    i.HAL_RCC_GetSysClockFreq                0x080012d8   Section        0  stm32f1xx_hal_rcc.o(i.HAL_RCC_GetSysClockFreq)
    i.HAL_RCC_OscConfig                      0x08001348   Section        0  stm32f1xx_hal_rcc.o(i.HAL_RCC_OscConfig)
    i.HAL_SPI_Init                           0x080017ac   Section        0  stm32f1xx_hal_spi.o(i.HAL_SPI_Init)
    i.HAL_SPI_MspInit                        0x0800186c   Section        0  spi.o(i.HAL_SPI_MspInit)
    i.HAL_SPI_Receive                        0x080018f0   Section        0  stm32f1xx_hal_spi.o(i.HAL_SPI_Receive)
    i.HAL_SPI_Transmit                       0x08001a6e   Section        0  stm32f1xx_hal_spi.o(i.HAL_SPI_Transmit)
    i.HAL_SPI_TransmitReceive                0x08001c2a   Section        0  stm32f1xx_hal_spi.o(i.HAL_SPI_TransmitReceive)
    i.HAL_SYSTICK_Config                     0x08001e6a   Section        0  stm32f1xx_hal_cortex.o(i.HAL_SYSTICK_Config)
    i.HAL_TIMEx_MasterConfigSynchronization  0x08001ea0   Section        0  stm32f1xx_hal_tim_ex.o(i.HAL_TIMEx_MasterConfigSynchronization)
    i.HAL_TIM_Base_Init                      0x08001f24   Section        0  stm32f1xx_hal_tim.o(i.HAL_TIM_Base_Init)
    i.HAL_TIM_Base_MspInit                   0x08001f8c   Section        0  tim.o(i.HAL_TIM_Base_MspInit)
    i.HAL_TIM_ConfigClockSource              0x08001fbc   Section        0  stm32f1xx_hal_tim.o(i.HAL_TIM_ConfigClockSource)
    i.HAL_TIM_MspPostInit                    0x080020c8   Section        0  tim.o(i.HAL_TIM_MspPostInit)
    i.HAL_TIM_PWM_ConfigChannel              0x08002138   Section        0  stm32f1xx_hal_tim.o(i.HAL_TIM_PWM_ConfigChannel)
    i.HAL_TIM_PWM_Init                       0x0800223c   Section        0  stm32f1xx_hal_tim.o(i.HAL_TIM_PWM_Init)
    i.HAL_TIM_PWM_MspInit                    0x080022a2   Section        0  stm32f1xx_hal_tim.o(i.HAL_TIM_PWM_MspInit)
    i.HAL_UART_Init                          0x080022a4   Section        0  stm32f1xx_hal_uart.o(i.HAL_UART_Init)
    i.HAL_UART_MspInit                       0x0800231c   Section        0  usart.o(i.HAL_UART_MspInit)
    i.HAL_UART_Transmit                      0x0800247c   Section        0  stm32f1xx_hal_uart.o(i.HAL_UART_Transmit)
    i.HardFault_Handler                      0x0800252e   Section        0  stm32f1xx_it.o(i.HardFault_Handler)
    i.Int_led_send_bit                       0x08002534   Section        0  int_led.o(i.Int_led_send_bit)
    Int_led_send_bit                         0x08002535   Thumb Code   236  int_led.o(i.Int_led_send_bit)
    i.Int_led_send_data                      0x08002624   Section        0  int_led.o(i.Int_led_send_data)
    i.Int_llcc68_init                        0x08002650   Section        0  int_llcc68.o(i.Int_llcc68_init)
    i.Int_llcc68_receive                     0x08002c80   Section        0  int_llcc68.o(i.Int_llcc68_receive)
    i.Int_llcc68_set_receive_mode            0x08002cc0   Section        0  int_llcc68.o(i.Int_llcc68_set_receive_mode)
    i.MX_GPIO_Init                           0x08002d58   Section        0  gpio.o(i.MX_GPIO_Init)
    i.MX_I2C1_Init                           0x08002e98   Section        0  i2c.o(i.MX_I2C1_Init)
    i.MX_SPI1_Init                           0x08002ed4   Section        0  spi.o(i.MX_SPI1_Init)
    i.MX_TIM3_Init                           0x08002f18   Section        0  tim.o(i.MX_TIM3_Init)
    i.MX_USART1_UART_Init                    0x08002fbc   Section        0  usart.o(i.MX_USART1_UART_Init)
    i.MX_USART2_UART_Init                    0x08002ff4   Section        0  usart.o(i.MX_USART2_UART_Init)
    i.MX_USART3_UART_Init                    0x0800302c   Section        0  usart.o(i.MX_USART3_UART_Init)
    i.MemManage_Handler                      0x08003064   Section        0  stm32f1xx_it.o(i.MemManage_Handler)
    i.NMI_Handler                            0x08003068   Section        0  stm32f1xx_it.o(i.NMI_Handler)
    i.PendSV_Handler                         0x0800306c   Section        0  stm32f1xx_it.o(i.PendSV_Handler)
    i.RCC_Delay                              0x08003070   Section        0  stm32f1xx_hal_rcc.o(i.RCC_Delay)
    RCC_Delay                                0x08003071   Thumb Code    36  stm32f1xx_hal_rcc.o(i.RCC_Delay)
    i.SPI_EndRxTransaction                   0x08003098   Section        0  stm32f1xx_hal_spi.o(i.SPI_EndRxTransaction)
    SPI_EndRxTransaction                     0x08003099   Thumb Code   120  stm32f1xx_hal_spi.o(i.SPI_EndRxTransaction)
    i.SPI_EndRxTxTransaction                 0x08003110   Section        0  stm32f1xx_hal_spi.o(i.SPI_EndRxTxTransaction)
    SPI_EndRxTxTransaction                   0x08003111   Thumb Code    40  stm32f1xx_hal_spi.o(i.SPI_EndRxTxTransaction)
    i.SPI_WaitFlagStateUntilTimeout          0x08003138   Section        0  stm32f1xx_hal_spi.o(i.SPI_WaitFlagStateUntilTimeout)
    SPI_WaitFlagStateUntilTimeout            0x08003139   Thumb Code   210  stm32f1xx_hal_spi.o(i.SPI_WaitFlagStateUntilTimeout)
    i.SVC_Handler                            0x08003210   Section        0  stm32f1xx_it.o(i.SVC_Handler)
    i.SysTick_Handler                        0x08003212   Section        0  stm32f1xx_it.o(i.SysTick_Handler)
    i.SystemClock_Config                     0x0800321a   Section        0  main.o(i.SystemClock_Config)
    i.SystemInit                             0x08003280   Section        0  system_stm32f1xx.o(i.SystemInit)
    i.TIM_Base_SetConfig                     0x08003284   Section        0  stm32f1xx_hal_tim.o(i.TIM_Base_SetConfig)
    i.TIM_ETR_SetConfig                      0x080032f8   Section        0  stm32f1xx_hal_tim.o(i.TIM_ETR_SetConfig)
    i.TIM_ITRx_SetConfig                     0x0800330e   Section        0  stm32f1xx_hal_tim.o(i.TIM_ITRx_SetConfig)
    TIM_ITRx_SetConfig                       0x0800330f   Thumb Code    18  stm32f1xx_hal_tim.o(i.TIM_ITRx_SetConfig)
    i.TIM_OC1_SetConfig                      0x08003320   Section        0  stm32f1xx_hal_tim.o(i.TIM_OC1_SetConfig)
    TIM_OC1_SetConfig                        0x08003321   Thumb Code    90  stm32f1xx_hal_tim.o(i.TIM_OC1_SetConfig)
    i.TIM_OC2_SetConfig                      0x08003380   Section        0  stm32f1xx_hal_tim.o(i.TIM_OC2_SetConfig)
    i.TIM_OC3_SetConfig                      0x080033e8   Section        0  stm32f1xx_hal_tim.o(i.TIM_OC3_SetConfig)
    TIM_OC3_SetConfig                        0x080033e9   Thumb Code    98  stm32f1xx_hal_tim.o(i.TIM_OC3_SetConfig)
    i.TIM_OC4_SetConfig                      0x08003450   Section        0  stm32f1xx_hal_tim.o(i.TIM_OC4_SetConfig)
    TIM_OC4_SetConfig                        0x08003451   Thumb Code    68  stm32f1xx_hal_tim.o(i.TIM_OC4_SetConfig)
    i.TIM_TI1_ConfigInputStage               0x08003498   Section        0  stm32f1xx_hal_tim.o(i.TIM_TI1_ConfigInputStage)
    TIM_TI1_ConfigInputStage                 0x08003499   Thumb Code    38  stm32f1xx_hal_tim.o(i.TIM_TI1_ConfigInputStage)
    i.TIM_TI2_ConfigInputStage               0x080034be   Section        0  stm32f1xx_hal_tim.o(i.TIM_TI2_ConfigInputStage)
    TIM_TI2_ConfigInputStage                 0x080034bf   Thumb Code    40  stm32f1xx_hal_tim.o(i.TIM_TI2_ConfigInputStage)
    i.UART_SetConfig                         0x080034e8   Section        0  stm32f1xx_hal_uart.o(i.UART_SetConfig)
    UART_SetConfig                           0x080034e9   Thumb Code   248  stm32f1xx_hal_uart.o(i.UART_SetConfig)
    i.UART_WaitOnFlagUntilTimeout            0x080035e4   Section        0  stm32f1xx_hal_uart.o(i.UART_WaitOnFlagUntilTimeout)
    UART_WaitOnFlagUntilTimeout              0x080035e5   Thumb Code   146  stm32f1xx_hal_uart.o(i.UART_WaitOnFlagUntilTimeout)
    i.UsageFault_Handler                     0x08003676   Section        0  stm32f1xx_it.o(i.UsageFault_Handler)
    i.__0printf                              0x0800367c   Section        0  printfa.o(i.__0printf)
    i.__0vprintf                             0x0800369c   Section        0  printfa.o(i.__0vprintf)
    i.__ARM_fpclassifyf                      0x080036ac   Section        0  fpclassifyf.o(i.__ARM_fpclassifyf)
    i.__NVIC_GetPriorityGrouping             0x080036d4   Section        0  stm32f1xx_hal_cortex.o(i.__NVIC_GetPriorityGrouping)
    __NVIC_GetPriorityGrouping               0x080036d5   Thumb Code    10  stm32f1xx_hal_cortex.o(i.__NVIC_GetPriorityGrouping)
    i.__NVIC_SetPriority                     0x080036e4   Section        0  stm32f1xx_hal_cortex.o(i.__NVIC_SetPriority)
    __NVIC_SetPriority                       0x080036e5   Thumb Code    32  stm32f1xx_hal_cortex.o(i.__NVIC_SetPriority)
    i.__mathlib_flt_divzero                  0x0800370c   Section        0  funder.o(i.__mathlib_flt_divzero)
    i.__mathlib_flt_infnan2                  0x08003716   Section        0  funder.o(i.__mathlib_flt_infnan2)
    i.__mathlib_flt_invalid                  0x0800371a   Section        0  funder.o(i.__mathlib_flt_invalid)
    i.__mathlib_flt_overflow                 0x08003722   Section        0  funder.o(i.__mathlib_flt_overflow)
    i.__mathlib_flt_underflow                0x0800372c   Section        0  funder.o(i.__mathlib_flt_underflow)
    i.__scatterload_copy                     0x08003736   Section       14  handlers.o(i.__scatterload_copy)
    i.__scatterload_null                     0x08003744   Section        2  handlers.o(i.__scatterload_null)
    i.__scatterload_zeroinit                 0x08003746   Section       14  handlers.o(i.__scatterload_zeroinit)
    i.__set_errno                            0x08003754   Section        0  errno.o(i.__set_errno)
    i._fp_digits                             0x08003760   Section        0  printfa.o(i._fp_digits)
    _fp_digits                               0x08003761   Thumb Code   366  printfa.o(i._fp_digits)
    i._printf_core                           0x080038e4   Section        0  printfa.o(i._printf_core)
    _printf_core                             0x080038e5   Thumb Code  1704  printfa.o(i._printf_core)
    i._printf_post_padding                   0x08003f98   Section        0  printfa.o(i._printf_post_padding)
    _printf_post_padding                     0x08003f99   Thumb Code    36  printfa.o(i._printf_post_padding)
    i._printf_pre_padding                    0x08003fbc   Section        0  printfa.o(i._printf_pre_padding)
    _printf_pre_padding                      0x08003fbd   Thumb Code    46  printfa.o(i._printf_pre_padding)
    i.a_llcc68_check_busy                    0x08003fea   Section        0  driver_llcc68.o(i.a_llcc68_check_busy)
    a_llcc68_check_busy                      0x08003feb   Thumb Code    64  driver_llcc68.o(i.a_llcc68_check_busy)
    i.a_llcc68_spi_read                      0x0800402a   Section        0  driver_llcc68.o(i.a_llcc68_spi_read)
    a_llcc68_spi_read                        0x0800402b   Thumb Code    36  driver_llcc68.o(i.a_llcc68_spi_read)
    i.a_llcc68_spi_read_buffer               0x08004050   Section        0  driver_llcc68.o(i.a_llcc68_spi_read_buffer)
    a_llcc68_spi_read_buffer                 0x08004051   Thumb Code    86  driver_llcc68.o(i.a_llcc68_spi_read_buffer)
    i.a_llcc68_spi_read_register             0x080040c4   Section        0  driver_llcc68.o(i.a_llcc68_spi_read_register)
    a_llcc68_spi_read_register               0x080040c5   Thumb Code    94  driver_llcc68.o(i.a_llcc68_spi_read_register)
    i.a_llcc68_spi_write                     0x08004140   Section        0  driver_llcc68.o(i.a_llcc68_spi_write)
    a_llcc68_spi_write                       0x08004141   Thumb Code    84  driver_llcc68.o(i.a_llcc68_spi_write)
    i.a_llcc68_spi_write_register            0x080041b0   Section        0  driver_llcc68.o(i.a_llcc68_spi_write_register)
    a_llcc68_spi_write_register              0x080041b1   Thumb Code    96  driver_llcc68.o(i.a_llcc68_spi_write_register)
    i.fputc                                  0x0800422c   Section        0  com_debug.o(i.fputc)
    i.llcc68_clear_device_errors             0x08004248   Section        0  driver_llcc68.o(i.llcc68_clear_device_errors)
    i.llcc68_clear_irq_status                0x080042dc   Section        0  driver_llcc68.o(i.llcc68_clear_irq_status)
    i.llcc68_continuous_receive              0x08004370   Section        0  driver_llcc68.o(i.llcc68_continuous_receive)
    i.llcc68_deinit                          0x08004458   Section        0  driver_llcc68.o(i.llcc68_deinit)
    i.llcc68_frequency_convert_to_register   0x08004574   Section        0  driver_llcc68.o(i.llcc68_frequency_convert_to_register)
    i.llcc68_get_iq_polarity                 0x080045e0   Section        0  driver_llcc68.o(i.llcc68_get_iq_polarity)
    i.llcc68_get_tx_clamp_config             0x08004664   Section        0  driver_llcc68.o(i.llcc68_get_tx_clamp_config)
    i.llcc68_get_tx_modulation               0x080046e8   Section        0  driver_llcc68.o(i.llcc68_get_tx_modulation)
    i.llcc68_init                            0x0800476c   Section        0  driver_llcc68.o(i.llcc68_init)
    i.llcc68_interface_busy_gpio_deinit      0x08004b64   Section        0  driver_llcc68_interface.o(i.llcc68_interface_busy_gpio_deinit)
    i.llcc68_interface_busy_gpio_init        0x08004b68   Section        0  driver_llcc68_interface.o(i.llcc68_interface_busy_gpio_init)
    i.llcc68_interface_busy_gpio_read        0x08004b6c   Section        0  driver_llcc68_interface.o(i.llcc68_interface_busy_gpio_read)
    i.llcc68_interface_debug_print           0x08004b84   Section        0  driver_llcc68_interface.o(i.llcc68_interface_debug_print)
    i.llcc68_interface_delay_ms              0x08004b9e   Section        0  driver_llcc68_interface.o(i.llcc68_interface_delay_ms)
    i.llcc68_interface_receive_callback      0x08004bac   Section        0  driver_llcc68_interface.o(i.llcc68_interface_receive_callback)
    i.llcc68_interface_reset_gpio_deinit     0x08004d74   Section        0  driver_llcc68_interface.o(i.llcc68_interface_reset_gpio_deinit)
    i.llcc68_interface_reset_gpio_init       0x08004d78   Section        0  driver_llcc68_interface.o(i.llcc68_interface_reset_gpio_init)
    i.llcc68_interface_reset_gpio_write      0x08004d7c   Section        0  driver_llcc68_interface.o(i.llcc68_interface_reset_gpio_write)
    i.llcc68_interface_spi_deinit            0x08004da0   Section        0  driver_llcc68_interface.o(i.llcc68_interface_spi_deinit)
    i.llcc68_interface_spi_init              0x08004da4   Section        0  driver_llcc68_interface.o(i.llcc68_interface_spi_init)
    i.llcc68_interface_spi_write_read        0x08004da8   Section        0  driver_llcc68_interface.o(i.llcc68_interface_spi_write_read)
    i.llcc68_irq_handler                     0x08004e28   Section        0  driver_llcc68.o(i.llcc68_irq_handler)
    i.llcc68_reset_stats                     0x0800510c   Section        0  driver_llcc68.o(i.llcc68_reset_stats)
    i.llcc68_set_buffer_base_address         0x080051c0   Section        0  driver_llcc68.o(i.llcc68_set_buffer_base_address)
    i.llcc68_set_dio_irq_params              0x08005258   Section        0  driver_llcc68.o(i.llcc68_set_dio_irq_params)
    i.llcc68_set_iq_polarity                 0x08005324   Section        0  driver_llcc68.o(i.llcc68_set_iq_polarity)
    i.llcc68_set_lora_modulation_params      0x080053a8   Section        0  driver_llcc68.o(i.llcc68_set_lora_modulation_params)
    i.llcc68_set_lora_packet_params          0x08005454   Section        0  driver_llcc68.o(i.llcc68_set_lora_packet_params)
    i.llcc68_set_lora_symb_num_timeout       0x0800550c   Section        0  driver_llcc68.o(i.llcc68_set_lora_symb_num_timeout)
    i.llcc68_set_lora_sync_word              0x0800559c   Section        0  driver_llcc68.o(i.llcc68_set_lora_sync_word)
    i.llcc68_set_ocp                         0x0800562c   Section        0  driver_llcc68.o(i.llcc68_set_ocp)
    i.llcc68_set_pa_config                   0x080056b0   Section        0  driver_llcc68.o(i.llcc68_set_pa_config)
    i.llcc68_set_packet_type                 0x08005748   Section        0  driver_llcc68.o(i.llcc68_set_packet_type)
    i.llcc68_set_regulator_mode              0x080057d0   Section        0  driver_llcc68.o(i.llcc68_set_regulator_mode)
    i.llcc68_set_rf_frequency                0x08005858   Section        0  driver_llcc68.o(i.llcc68_set_rf_frequency)
    i.llcc68_set_rx_gain                     0x080058f8   Section        0  driver_llcc68.o(i.llcc68_set_rx_gain)
    i.llcc68_set_rx_tx_fallback_mode         0x0800597c   Section        0  driver_llcc68.o(i.llcc68_set_rx_tx_fallback_mode)
    i.llcc68_set_standby                     0x08005a0c   Section        0  driver_llcc68.o(i.llcc68_set_standby)
    i.llcc68_set_stop_timer_on_preamble      0x08005a90   Section        0  driver_llcc68.o(i.llcc68_set_stop_timer_on_preamble)
    i.llcc68_set_tx_clamp_config             0x08005b20   Section        0  driver_llcc68.o(i.llcc68_set_tx_clamp_config)
    i.llcc68_set_tx_modulation               0x08005ba4   Section        0  driver_llcc68.o(i.llcc68_set_tx_modulation)
    i.llcc68_set_tx_params                   0x08005c28   Section        0  driver_llcc68.o(i.llcc68_set_tx_params)
    i.main                                   0x08005cb8   Section        0  main.o(i.main)
    i.powf                                   0x08005e3c   Section        0  powf.o(i.powf)
    .constdata                               0x0800645c   Section       18  stm32f1xx_hal_rcc.o(.constdata)
    aPLLMULFactorTable                       0x0800645c   Data          16  stm32f1xx_hal_rcc.o(.constdata)
    aPredivFactorTable                       0x0800646c   Data           2  stm32f1xx_hal_rcc.o(.constdata)
    .constdata                               0x0800646e   Section       24  system_stm32f1xx.o(.constdata)
    .constdata                               0x08006488   Section      320  powf.o(.constdata)
    table                                    0x08006488   Data         128  powf.o(.constdata)
    powersof2to1over16top                    0x08006508   Data          64  powf.o(.constdata)
    powersof2to1over16bot                    0x08006548   Data          64  powf.o(.constdata)
    powersof2to1over16all                    0x08006588   Data          64  powf.o(.constdata)
    .data                                    0x20000000   Section        9  stm32f1xx_hal.o(.data)
    .data                                    0x2000000c   Section        4  system_stm32f1xx.o(.data)
    .data                                    0x20000010   Section        4  stdout.o(.data)
    .data                                    0x20000014   Section        4  errno.o(.data)
    _errno                                   0x20000014   Data           4  errno.o(.data)
    .bss                                     0x20000018   Section       84  i2c.o(.bss)
    .bss                                     0x2000006c   Section       88  spi.o(.bss)
    .bss                                     0x200000c4   Section       72  tim.o(.bss)
    .bss                                     0x2000010c   Section      216  usart.o(.bss)
    .bss                                     0x200001e4   Section      696  int_llcc68.o(.bss)
    gs_handle                                0x200001e4   Data         696  int_llcc68.o(.bss)
    STACK                                    0x200004a0   Section     1024  startup_stm32f103xb.o(STACK)

    Global Symbols

    Symbol Name                              Value     Ov Type        Size  Object(Section)

    BuildAttributes$$THM_ISAv4$P$D$K$B$S$PE$A:L22UL41UL21$X:L11$S22US41US21$IEEE1$IW$USESV6$~STKCKD$USESV7$~SHL$OTIME$ROPI$IEEEX$EBA8$MICROLIB$REQ8$PRES8$EABIv2 0x00000000   Number         0  anon$$obj.o ABSOLUTE
    __ARM_use_no_argv                        0x00000000   Number         0  main.o ABSOLUTE
    _printf_a                                0x00000000   Number         0  stubs.o ABSOLUTE
    _printf_c                                0x00000000   Number         0  stubs.o ABSOLUTE
    _printf_charcount                        0x00000000   Number         0  stubs.o ABSOLUTE
    _printf_d                                0x00000000   Number         0  stubs.o ABSOLUTE
    _printf_e                                0x00000000   Number         0  stubs.o ABSOLUTE
    _printf_f                                0x00000000   Number         0  stubs.o ABSOLUTE
    _printf_flags                            0x00000000   Number         0  stubs.o ABSOLUTE
    _printf_fp_dec                           0x00000000   Number         0  stubs.o ABSOLUTE
    _printf_fp_hex                           0x00000000   Number         0  stubs.o ABSOLUTE
    _printf_g                                0x00000000   Number         0  stubs.o ABSOLUTE
    _printf_i                                0x00000000   Number         0  stubs.o ABSOLUTE
    _printf_int_dec                          0x00000000   Number         0  stubs.o ABSOLUTE
    _printf_l                                0x00000000   Number         0  stubs.o ABSOLUTE
    _printf_lc                               0x00000000   Number         0  stubs.o ABSOLUTE
    _printf_ll                               0x00000000   Number         0  stubs.o ABSOLUTE
    _printf_lld                              0x00000000   Number         0  stubs.o ABSOLUTE
    _printf_lli                              0x00000000   Number         0  stubs.o ABSOLUTE
    _printf_llo                              0x00000000   Number         0  stubs.o ABSOLUTE
    _printf_llu                              0x00000000   Number         0  stubs.o ABSOLUTE
    _printf_llx                              0x00000000   Number         0  stubs.o ABSOLUTE
    _printf_longlong_dec                     0x00000000   Number         0  stubs.o ABSOLUTE
    _printf_longlong_hex                     0x00000000   Number         0  stubs.o ABSOLUTE
    _printf_longlong_oct                     0x00000000   Number         0  stubs.o ABSOLUTE
    _printf_ls                               0x00000000   Number         0  stubs.o ABSOLUTE
    _printf_mbtowc                           0x00000000   Number         0  stubs.o ABSOLUTE
    _printf_n                                0x00000000   Number         0  stubs.o ABSOLUTE
    _printf_o                                0x00000000   Number         0  stubs.o ABSOLUTE
    _printf_p                                0x00000000   Number         0  stubs.o ABSOLUTE
    _printf_percent                          0x00000000   Number         0  stubs.o ABSOLUTE
    _printf_pre_padding                      0x00000000   Number         0  stubs.o ABSOLUTE
    _printf_return_value                     0x00000000   Number         0  stubs.o ABSOLUTE
    _printf_s                                0x00000000   Number         0  stubs.o ABSOLUTE
    _printf_sizespec                         0x00000000   Number         0  stubs.o ABSOLUTE
    _printf_str                              0x00000000   Number         0  stubs.o ABSOLUTE
    _printf_truncate_signed                  0x00000000   Number         0  stubs.o ABSOLUTE
    _printf_truncate_unsigned                0x00000000   Number         0  stubs.o ABSOLUTE
    _printf_u                                0x00000000   Number         0  stubs.o ABSOLUTE
    _printf_wc                               0x00000000   Number         0  stubs.o ABSOLUTE
    _printf_wctomb                           0x00000000   Number         0  stubs.o ABSOLUTE
    _printf_widthprec                        0x00000000   Number         0  stubs.o ABSOLUTE
    _printf_x                                0x00000000   Number         0  stubs.o ABSOLUTE
    __arm_fini_                               - Undefined Weak Reference
    __cpp_initialize__aeabi_                  - Undefined Weak Reference
    __cxa_finalize                            - Undefined Weak Reference
    __decompress                              - Undefined Weak Reference
    _clock_init                               - Undefined Weak Reference
    _microlib_exit                            - Undefined Weak Reference
    _scanf_longlong                           - Undefined Weak Reference
    __Vectors_Size                           0x000000ec   Number         0  startup_stm32f103xb.o ABSOLUTE
    __Vectors                                0x08000000   Data           4  startup_stm32f103xb.o(RESET)
    __Vectors_End                            0x080000ec   Data           0  startup_stm32f103xb.o(RESET)
    __main                                   0x080000ed   Thumb Code     0  entry.o(.ARM.Collect$$$$00000000)
    _main_stk                                0x080000ed   Thumb Code     0  entry2.o(.ARM.Collect$$$$00000001)
    _main_scatterload                        0x080000f1   Thumb Code     0  entry5.o(.ARM.Collect$$$$00000004)
    __main_after_scatterload                 0x080000f5   Thumb Code     0  entry5.o(.ARM.Collect$$$$00000004)
    _main_clock                              0x080000f5   Thumb Code     0  entry7b.o(.ARM.Collect$$$$00000008)
    _main_cpp_init                           0x080000f5   Thumb Code     0  entry8b.o(.ARM.Collect$$$$0000000A)
    _main_init                               0x080000f5   Thumb Code     0  entry9a.o(.ARM.Collect$$$$0000000B)
    __rt_lib_shutdown_fini                   0x080000fd   Thumb Code     0  entry12b.o(.ARM.Collect$$$$0000000E)
    __rt_final_cpp                           0x08000101   Thumb Code     0  entry10a.o(.ARM.Collect$$$$0000000F)
    __rt_final_exit                          0x08000101   Thumb Code     0  entry11a.o(.ARM.Collect$$$$00000011)
    Reset_Handler                            0x08000105   Thumb Code     8  startup_stm32f103xb.o(.text)
    ADC1_2_IRQHandler                        0x0800011f   Thumb Code     0  startup_stm32f103xb.o(.text)
    CAN1_RX1_IRQHandler                      0x0800011f   Thumb Code     0  startup_stm32f103xb.o(.text)
    CAN1_SCE_IRQHandler                      0x0800011f   Thumb Code     0  startup_stm32f103xb.o(.text)
    DMA1_Channel1_IRQHandler                 0x0800011f   Thumb Code     0  startup_stm32f103xb.o(.text)
    DMA1_Channel2_IRQHandler                 0x0800011f   Thumb Code     0  startup_stm32f103xb.o(.text)
    DMA1_Channel3_IRQHandler                 0x0800011f   Thumb Code     0  startup_stm32f103xb.o(.text)
    DMA1_Channel4_IRQHandler                 0x0800011f   Thumb Code     0  startup_stm32f103xb.o(.text)
    DMA1_Channel5_IRQHandler                 0x0800011f   Thumb Code     0  startup_stm32f103xb.o(.text)
    DMA1_Channel6_IRQHandler                 0x0800011f   Thumb Code     0  startup_stm32f103xb.o(.text)
    DMA1_Channel7_IRQHandler                 0x0800011f   Thumb Code     0  startup_stm32f103xb.o(.text)
    EXTI0_IRQHandler                         0x0800011f   Thumb Code     0  startup_stm32f103xb.o(.text)
    EXTI15_10_IRQHandler                     0x0800011f   Thumb Code     0  startup_stm32f103xb.o(.text)
    EXTI1_IRQHandler                         0x0800011f   Thumb Code     0  startup_stm32f103xb.o(.text)
    EXTI2_IRQHandler                         0x0800011f   Thumb Code     0  startup_stm32f103xb.o(.text)
    EXTI3_IRQHandler                         0x0800011f   Thumb Code     0  startup_stm32f103xb.o(.text)
    EXTI4_IRQHandler                         0x0800011f   Thumb Code     0  startup_stm32f103xb.o(.text)
    FLASH_IRQHandler                         0x0800011f   Thumb Code     0  startup_stm32f103xb.o(.text)
    I2C1_ER_IRQHandler                       0x0800011f   Thumb Code     0  startup_stm32f103xb.o(.text)
    I2C1_EV_IRQHandler                       0x0800011f   Thumb Code     0  startup_stm32f103xb.o(.text)
    I2C2_ER_IRQHandler                       0x0800011f   Thumb Code     0  startup_stm32f103xb.o(.text)
    I2C2_EV_IRQHandler                       0x0800011f   Thumb Code     0  startup_stm32f103xb.o(.text)
    PVD_IRQHandler                           0x0800011f   Thumb Code     0  startup_stm32f103xb.o(.text)
    RCC_IRQHandler                           0x0800011f   Thumb Code     0  startup_stm32f103xb.o(.text)
    RTC_Alarm_IRQHandler                     0x0800011f   Thumb Code     0  startup_stm32f103xb.o(.text)
    RTC_IRQHandler                           0x0800011f   Thumb Code     0  startup_stm32f103xb.o(.text)
    SPI1_IRQHandler                          0x0800011f   Thumb Code     0  startup_stm32f103xb.o(.text)
    SPI2_IRQHandler                          0x0800011f   Thumb Code     0  startup_stm32f103xb.o(.text)
    TAMPER_IRQHandler                        0x0800011f   Thumb Code     0  startup_stm32f103xb.o(.text)
    TIM1_BRK_IRQHandler                      0x0800011f   Thumb Code     0  startup_stm32f103xb.o(.text)
    TIM1_CC_IRQHandler                       0x0800011f   Thumb Code     0  startup_stm32f103xb.o(.text)
    TIM1_TRG_COM_IRQHandler                  0x0800011f   Thumb Code     0  startup_stm32f103xb.o(.text)
    TIM1_UP_IRQHandler                       0x0800011f   Thumb Code     0  startup_stm32f103xb.o(.text)
    TIM2_IRQHandler                          0x0800011f   Thumb Code     0  startup_stm32f103xb.o(.text)
    TIM3_IRQHandler                          0x0800011f   Thumb Code     0  startup_stm32f103xb.o(.text)
    TIM4_IRQHandler                          0x0800011f   Thumb Code     0  startup_stm32f103xb.o(.text)
    USART1_IRQHandler                        0x0800011f   Thumb Code     0  startup_stm32f103xb.o(.text)
    USART2_IRQHandler                        0x0800011f   Thumb Code     0  startup_stm32f103xb.o(.text)
    USART3_IRQHandler                        0x0800011f   Thumb Code     0  startup_stm32f103xb.o(.text)
    USBWakeUp_IRQHandler                     0x0800011f   Thumb Code     0  startup_stm32f103xb.o(.text)
    USB_HP_CAN1_TX_IRQHandler                0x0800011f   Thumb Code     0  startup_stm32f103xb.o(.text)
    USB_LP_CAN1_RX0_IRQHandler               0x0800011f   Thumb Code     0  startup_stm32f103xb.o(.text)
    WWDG_IRQHandler                          0x0800011f   Thumb Code     0  startup_stm32f103xb.o(.text)
    __aeabi_llsr                             0x08000129   Thumb Code    32  llushr.o(.text)
    _ll_ushift_r                             0x08000129   Thumb Code     0  llushr.o(.text)
    __aeabi_memcpy                           0x08000149   Thumb Code    36  memcpya.o(.text)
    __aeabi_memcpy4                          0x08000149   Thumb Code     0  memcpya.o(.text)
    __aeabi_memcpy8                          0x08000149   Thumb Code     0  memcpya.o(.text)
    __aeabi_memset                           0x0800016d   Thumb Code    14  memseta.o(.text)
    __aeabi_memset4                          0x0800016d   Thumb Code     0  memseta.o(.text)
    __aeabi_memset8                          0x0800016d   Thumb Code     0  memseta.o(.text)
    __aeabi_memclr                           0x0800017b   Thumb Code     4  memseta.o(.text)
    __aeabi_memclr4                          0x0800017b   Thumb Code     0  memseta.o(.text)
    __aeabi_memclr8                          0x0800017b   Thumb Code     0  memseta.o(.text)
    _memset$wrapper                          0x0800017f   Thumb Code    18  memseta.o(.text)
    strrchr                                  0x08000191   Thumb Code    22  strrchr.o(.text)
    __aeabi_fadd                             0x080001a7   Thumb Code   164  fadd.o(.text)
    __aeabi_fsub                             0x0800024b   Thumb Code     6  fadd.o(.text)
    __aeabi_frsub                            0x08000251   Thumb Code     6  fadd.o(.text)
    __aeabi_fmul                             0x08000257   Thumb Code   100  fmul.o(.text)
    __aeabi_fdiv                             0x080002bb   Thumb Code   124  fdiv.o(.text)
    __aeabi_dadd                             0x08000337   Thumb Code   322  dadd.o(.text)
    __aeabi_dsub                             0x08000479   Thumb Code     6  dadd.o(.text)
    __aeabi_drsub                            0x0800047f   Thumb Code     6  dadd.o(.text)
    __aeabi_dmul                             0x08000485   Thumb Code   228  dmul.o(.text)
    __aeabi_ddiv                             0x08000569   Thumb Code   222  ddiv.o(.text)
    __aeabi_i2f                              0x08000647   Thumb Code    18  fflti.o(.text)
    __aeabi_ui2f                             0x08000659   Thumb Code    10  ffltui.o(.text)
    __aeabi_f2uiz                            0x08000663   Thumb Code    40  ffixui.o(.text)
    __aeabi_uidiv                            0x0800068b   Thumb Code     0  uidiv.o(.text)
    __aeabi_uidivmod                         0x0800068b   Thumb Code    44  uidiv.o(.text)
    __aeabi_uldivmod                         0x080006b7   Thumb Code    98  uldiv.o(.text)
    __aeabi_llsl                             0x08000719   Thumb Code    30  llshl.o(.text)
    _ll_shift_l                              0x08000719   Thumb Code     0  llshl.o(.text)
    __aeabi_lasr                             0x08000737   Thumb Code    36  llsshr.o(.text)
    _ll_sshift_r                             0x08000737   Thumb Code     0  llsshr.o(.text)
    __I$use$fp                               0x0800075b   Thumb Code     0  iusefp.o(.text)
    _float_round                             0x0800075b   Thumb Code    18  fepilogue.o(.text)
    _float_epilogue                          0x0800076d   Thumb Code    92  fepilogue.o(.text)
    __ARM_scalbnf                            0x080007c9   Thumb Code    24  fscalb.o(.text)
    scalbnf                                  0x080007c9   Thumb Code     0  fscalb.o(.text)
    _double_round                            0x080007e1   Thumb Code    30  depilogue.o(.text)
    _double_epilogue                         0x080007ff   Thumb Code   156  depilogue.o(.text)
    __aeabi_d2ulz                            0x0800089b   Thumb Code    48  dfixul.o(.text)
    _ffix_r                                  0x080008cb   Thumb Code    76  ffixir.o(.text)
    __aeabi_cdrcmple                         0x08000919   Thumb Code    48  cdrcmple.o(.text)
    __fp_status                              0x08000949   Thumb Code     4  fpstat.o(.text)
    __ieee_status                            0x08000949   Thumb Code     0  fpstat.o(.text)
    __scatterload                            0x0800094d   Thumb Code    28  init.o(.text)
    __scatterload_rt2                        0x0800094d   Thumb Code     0  init.o(.text)
    BusFault_Handler                         0x08000971   Thumb Code     4  stm32f1xx_it.o(i.BusFault_Handler)
    DebugMon_Handler                         0x08000975   Thumb Code     2  stm32f1xx_it.o(i.DebugMon_Handler)
    EXTI9_5_IRQHandler                       0x08000977   Thumb Code    12  stm32f1xx_it.o(i.EXTI9_5_IRQHandler)
    Error_Handler                            0x08000983   Thumb Code     6  main.o(i.Error_Handler)
    HAL_Delay                                0x08000989   Thumb Code    36  stm32f1xx_hal.o(i.HAL_Delay)
    HAL_GPIO_EXTI_Callback                   0x080009b1   Thumb Code     2  stm32f1xx_hal_gpio.o(i.HAL_GPIO_EXTI_Callback)
    HAL_GPIO_EXTI_IRQHandler                 0x080009b5   Thumb Code    24  stm32f1xx_hal_gpio.o(i.HAL_GPIO_EXTI_IRQHandler)
    HAL_GPIO_Init                            0x080009d1   Thumb Code   766  stm32f1xx_hal_gpio.o(i.HAL_GPIO_Init)
    HAL_GPIO_ReadPin                         0x08000cf1   Thumb Code    16  stm32f1xx_hal_gpio.o(i.HAL_GPIO_ReadPin)
    HAL_GPIO_WritePin                        0x08000d01   Thumb Code    12  stm32f1xx_hal_gpio.o(i.HAL_GPIO_WritePin)
    HAL_GetTick                              0x08000d0d   Thumb Code     6  stm32f1xx_hal.o(i.HAL_GetTick)
    HAL_I2C_Init                             0x08000d19   Thumb Code   446  stm32f1xx_hal_i2c.o(i.HAL_I2C_Init)
    HAL_I2C_MspInit                          0x08000ee9   Thumb Code   104  i2c.o(i.HAL_I2C_MspInit)
    HAL_IncTick                              0x08000f5d   Thumb Code    16  stm32f1xx_hal.o(i.HAL_IncTick)
    HAL_Init                                 0x08000f75   Thumb Code    34  stm32f1xx_hal.o(i.HAL_Init)
    HAL_InitTick                             0x08000f9d   Thumb Code    64  stm32f1xx_hal.o(i.HAL_InitTick)
    HAL_MspInit                              0x08000fe9   Thumb Code    76  stm32f1xx_hal_msp.o(i.HAL_MspInit)
    HAL_NVIC_EnableIRQ                       0x0800103d   Thumb Code    32  stm32f1xx_hal_cortex.o(i.HAL_NVIC_EnableIRQ)
    HAL_NVIC_SetPriority                     0x0800105d   Thumb Code   124  stm32f1xx_hal_cortex.o(i.HAL_NVIC_SetPriority)
    HAL_NVIC_SetPriorityGrouping             0x080010d9   Thumb Code    32  stm32f1xx_hal_cortex.o(i.HAL_NVIC_SetPriorityGrouping)
    HAL_RCC_ClockConfig                      0x08001101   Thumb Code   376  stm32f1xx_hal_rcc.o(i.HAL_RCC_ClockConfig)
    HAL_RCC_GetHCLKFreq                      0x0800128d   Thumb Code     6  stm32f1xx_hal_rcc.o(i.HAL_RCC_GetHCLKFreq)
    HAL_RCC_GetPCLK1Freq                     0x08001299   Thumb Code    22  stm32f1xx_hal_rcc.o(i.HAL_RCC_GetPCLK1Freq)
    HAL_RCC_GetPCLK2Freq                     0x080012b9   Thumb Code    22  stm32f1xx_hal_rcc.o(i.HAL_RCC_GetPCLK2Freq)
    HAL_RCC_GetSysClockFreq                  0x080012d9   Thumb Code    92  stm32f1xx_hal_rcc.o(i.HAL_RCC_GetSysClockFreq)
    HAL_RCC_OscConfig                        0x08001349   Thumb Code  1114  stm32f1xx_hal_rcc.o(i.HAL_RCC_OscConfig)
    HAL_SPI_Init                             0x080017ad   Thumb Code   190  stm32f1xx_hal_spi.o(i.HAL_SPI_Init)
    HAL_SPI_MspInit                          0x0800186d   Thumb Code   120  spi.o(i.HAL_SPI_MspInit)
    HAL_SPI_Receive                          0x080018f1   Thumb Code   382  stm32f1xx_hal_spi.o(i.HAL_SPI_Receive)
    HAL_SPI_Transmit                         0x08001a6f   Thumb Code   444  stm32f1xx_hal_spi.o(i.HAL_SPI_Transmit)
    HAL_SPI_TransmitReceive                  0x08001c2b   Thumb Code   576  stm32f1xx_hal_spi.o(i.HAL_SPI_TransmitReceive)
    HAL_SYSTICK_Config                       0x08001e6b   Thumb Code    52  stm32f1xx_hal_cortex.o(i.HAL_SYSTICK_Config)
    HAL_TIMEx_MasterConfigSynchronization    0x08001ea1   Thumb Code   118  stm32f1xx_hal_tim_ex.o(i.HAL_TIMEx_MasterConfigSynchronization)
    HAL_TIM_Base_Init                        0x08001f25   Thumb Code   102  stm32f1xx_hal_tim.o(i.HAL_TIM_Base_Init)
    HAL_TIM_Base_MspInit                     0x08001f8d   Thumb Code    40  tim.o(i.HAL_TIM_Base_MspInit)
    HAL_TIM_ConfigClockSource                0x08001fbd   Thumb Code   268  stm32f1xx_hal_tim.o(i.HAL_TIM_ConfigClockSource)
    HAL_TIM_MspPostInit                      0x080020c9   Thumb Code    96  tim.o(i.HAL_TIM_MspPostInit)
    HAL_TIM_PWM_ConfigChannel                0x08002139   Thumb Code   260  stm32f1xx_hal_tim.o(i.HAL_TIM_PWM_ConfigChannel)
    HAL_TIM_PWM_Init                         0x0800223d   Thumb Code   102  stm32f1xx_hal_tim.o(i.HAL_TIM_PWM_Init)
    HAL_TIM_PWM_MspInit                      0x080022a3   Thumb Code     2  stm32f1xx_hal_tim.o(i.HAL_TIM_PWM_MspInit)
    HAL_UART_Init                            0x080022a5   Thumb Code   118  stm32f1xx_hal_uart.o(i.HAL_UART_Init)
    HAL_UART_MspInit                         0x0800231d   Thumb Code   328  usart.o(i.HAL_UART_MspInit)
    HAL_UART_Transmit                        0x0800247d   Thumb Code   178  stm32f1xx_hal_uart.o(i.HAL_UART_Transmit)
    HardFault_Handler                        0x0800252f   Thumb Code     4  stm32f1xx_it.o(i.HardFault_Handler)
    Int_led_send_data                        0x08002625   Thumb Code    44  int_led.o(i.Int_led_send_data)
    Int_llcc68_init                          0x08002651   Thumb Code   724  int_llcc68.o(i.Int_llcc68_init)
    Int_llcc68_receive                       0x08002c81   Thumb Code    60  int_llcc68.o(i.Int_llcc68_receive)
    Int_llcc68_set_receive_mode              0x08002cc1   Thumb Code   144  int_llcc68.o(i.Int_llcc68_set_receive_mode)
    MX_GPIO_Init                             0x08002d59   Thumb Code   298  gpio.o(i.MX_GPIO_Init)
    MX_I2C1_Init                             0x08002e99   Thumb Code    48  i2c.o(i.MX_I2C1_Init)
    MX_SPI1_Init                             0x08002ed5   Thumb Code    60  spi.o(i.MX_SPI1_Init)
    MX_TIM3_Init                             0x08002f19   Thumb Code   156  tim.o(i.MX_TIM3_Init)
    MX_USART1_UART_Init                      0x08002fbd   Thumb Code    46  usart.o(i.MX_USART1_UART_Init)
    MX_USART2_UART_Init                      0x08002ff5   Thumb Code    46  usart.o(i.MX_USART2_UART_Init)
    MX_USART3_UART_Init                      0x0800302d   Thumb Code    46  usart.o(i.MX_USART3_UART_Init)
    MemManage_Handler                        0x08003065   Thumb Code     4  stm32f1xx_it.o(i.MemManage_Handler)
    NMI_Handler                              0x08003069   Thumb Code     4  stm32f1xx_it.o(i.NMI_Handler)
    PendSV_Handler                           0x0800306d   Thumb Code     2  stm32f1xx_it.o(i.PendSV_Handler)
    SVC_Handler                              0x08003211   Thumb Code     2  stm32f1xx_it.o(i.SVC_Handler)
    SysTick_Handler                          0x08003213   Thumb Code     8  stm32f1xx_it.o(i.SysTick_Handler)
    SystemClock_Config                       0x0800321b   Thumb Code   102  main.o(i.SystemClock_Config)
    SystemInit                               0x08003281   Thumb Code     2  system_stm32f1xx.o(i.SystemInit)
    TIM_Base_SetConfig                       0x08003285   Thumb Code   104  stm32f1xx_hal_tim.o(i.TIM_Base_SetConfig)
    TIM_ETR_SetConfig                        0x080032f9   Thumb Code    22  stm32f1xx_hal_tim.o(i.TIM_ETR_SetConfig)
    TIM_OC2_SetConfig                        0x08003381   Thumb Code   100  stm32f1xx_hal_tim.o(i.TIM_OC2_SetConfig)
    UsageFault_Handler                       0x08003677   Thumb Code     4  stm32f1xx_it.o(i.UsageFault_Handler)
    __0printf                                0x0800367d   Thumb Code    22  printfa.o(i.__0printf)
    __1printf                                0x0800367d   Thumb Code     0  printfa.o(i.__0printf)
    __2printf                                0x0800367d   Thumb Code     0  printfa.o(i.__0printf)
    __c89printf                              0x0800367d   Thumb Code     0  printfa.o(i.__0printf)
    printf                                   0x0800367d   Thumb Code     0  printfa.o(i.__0printf)
    __0vprintf                               0x0800369d   Thumb Code     8  printfa.o(i.__0vprintf)
    __1vprintf                               0x0800369d   Thumb Code     0  printfa.o(i.__0vprintf)
    __2vprintf                               0x0800369d   Thumb Code     0  printfa.o(i.__0vprintf)
    __c89vprintf                             0x0800369d   Thumb Code     0  printfa.o(i.__0vprintf)
    vprintf                                  0x0800369d   Thumb Code     0  printfa.o(i.__0vprintf)
    __ARM_fpclassifyf                        0x080036ad   Thumb Code    38  fpclassifyf.o(i.__ARM_fpclassifyf)
    __mathlib_flt_divzero                    0x0800370d   Thumb Code    10  funder.o(i.__mathlib_flt_divzero)
    __mathlib_flt_infnan2                    0x08003717   Thumb Code     4  funder.o(i.__mathlib_flt_infnan2)
    __mathlib_flt_invalid                    0x0800371b   Thumb Code     8  funder.o(i.__mathlib_flt_invalid)
    __mathlib_flt_overflow                   0x08003723   Thumb Code    10  funder.o(i.__mathlib_flt_overflow)
    __mathlib_flt_underflow                  0x0800372d   Thumb Code    10  funder.o(i.__mathlib_flt_underflow)
    __scatterload_copy                       0x08003737   Thumb Code    14  handlers.o(i.__scatterload_copy)
    __scatterload_null                       0x08003745   Thumb Code     2  handlers.o(i.__scatterload_null)
    __scatterload_zeroinit                   0x08003747   Thumb Code    14  handlers.o(i.__scatterload_zeroinit)
    __set_errno                              0x08003755   Thumb Code     6  errno.o(i.__set_errno)
    fputc                                    0x0800422d   Thumb Code    22  com_debug.o(i.fputc)
    llcc68_clear_device_errors               0x08004249   Thumb Code    82  driver_llcc68.o(i.llcc68_clear_device_errors)
    llcc68_clear_irq_status                  0x080042dd   Thumb Code    86  driver_llcc68.o(i.llcc68_clear_irq_status)
    llcc68_continuous_receive                0x08004371   Thumb Code   148  driver_llcc68.o(i.llcc68_continuous_receive)
    llcc68_deinit                            0x08004459   Thumb Code   130  driver_llcc68.o(i.llcc68_deinit)
    llcc68_frequency_convert_to_register     0x08004575   Thumb Code    94  driver_llcc68.o(i.llcc68_frequency_convert_to_register)
    llcc68_get_iq_polarity                   0x080045e1   Thumb Code    76  driver_llcc68.o(i.llcc68_get_iq_polarity)
    llcc68_get_tx_clamp_config               0x08004665   Thumb Code    76  driver_llcc68.o(i.llcc68_get_tx_clamp_config)
    llcc68_get_tx_modulation                 0x080046e9   Thumb Code    76  driver_llcc68.o(i.llcc68_get_tx_modulation)
    llcc68_init                              0x0800476d   Thumb Code   426  driver_llcc68.o(i.llcc68_init)
    llcc68_interface_busy_gpio_deinit        0x08004b65   Thumb Code     4  driver_llcc68_interface.o(i.llcc68_interface_busy_gpio_deinit)
    llcc68_interface_busy_gpio_init          0x08004b69   Thumb Code     4  driver_llcc68_interface.o(i.llcc68_interface_busy_gpio_init)
    llcc68_interface_busy_gpio_read          0x08004b6d   Thumb Code    20  driver_llcc68_interface.o(i.llcc68_interface_busy_gpio_read)
    llcc68_interface_debug_print             0x08004b85   Thumb Code    26  driver_llcc68_interface.o(i.llcc68_interface_debug_print)
    llcc68_interface_delay_ms                0x08004b9f   Thumb Code    12  driver_llcc68_interface.o(i.llcc68_interface_delay_ms)
    llcc68_interface_receive_callback        0x08004bad   Thumb Code   154  driver_llcc68_interface.o(i.llcc68_interface_receive_callback)
    llcc68_interface_reset_gpio_deinit       0x08004d75   Thumb Code     4  driver_llcc68_interface.o(i.llcc68_interface_reset_gpio_deinit)
    llcc68_interface_reset_gpio_init         0x08004d79   Thumb Code     4  driver_llcc68_interface.o(i.llcc68_interface_reset_gpio_init)
    llcc68_interface_reset_gpio_write        0x08004d7d   Thumb Code    32  driver_llcc68_interface.o(i.llcc68_interface_reset_gpio_write)
    llcc68_interface_spi_deinit              0x08004da1   Thumb Code     4  driver_llcc68_interface.o(i.llcc68_interface_spi_deinit)
    llcc68_interface_spi_init                0x08004da5   Thumb Code     4  driver_llcc68_interface.o(i.llcc68_interface_spi_init)
    llcc68_interface_spi_write_read          0x08004da9   Thumb Code   118  driver_llcc68_interface.o(i.llcc68_interface_spi_write_read)
    llcc68_irq_handler                       0x08004e29   Thumb Code   536  driver_llcc68.o(i.llcc68_irq_handler)
    llcc68_reset_stats                       0x0800510d   Thumb Code   122  driver_llcc68.o(i.llcc68_reset_stats)
    llcc68_set_buffer_base_address           0x080051c1   Thumb Code    84  driver_llcc68.o(i.llcc68_set_buffer_base_address)
    llcc68_set_dio_irq_params                0x08005259   Thumb Code   142  driver_llcc68.o(i.llcc68_set_dio_irq_params)
    llcc68_set_iq_polarity                   0x08005325   Thumb Code    74  driver_llcc68.o(i.llcc68_set_iq_polarity)
    llcc68_set_lora_modulation_params        0x080053a9   Thumb Code   102  driver_llcc68.o(i.llcc68_set_lora_modulation_params)
    llcc68_set_lora_packet_params            0x08005455   Thumb Code   114  driver_llcc68.o(i.llcc68_set_lora_packet_params)
    llcc68_set_lora_symb_num_timeout         0x0800550d   Thumb Code    76  driver_llcc68.o(i.llcc68_set_lora_symb_num_timeout)
    llcc68_set_lora_sync_word                0x0800559d   Thumb Code    88  driver_llcc68.o(i.llcc68_set_lora_sync_word)
    llcc68_set_ocp                           0x0800562d   Thumb Code    74  driver_llcc68.o(i.llcc68_set_ocp)
    llcc68_set_pa_config                     0x080056b1   Thumb Code    96  driver_llcc68.o(i.llcc68_set_pa_config)
    llcc68_set_packet_type                   0x08005749   Thumb Code    76  driver_llcc68.o(i.llcc68_set_packet_type)
    llcc68_set_regulator_mode                0x080057d1   Thumb Code    76  driver_llcc68.o(i.llcc68_set_regulator_mode)
    llcc68_set_rf_frequency                  0x08005859   Thumb Code    98  driver_llcc68.o(i.llcc68_set_rf_frequency)
    llcc68_set_rx_gain                       0x080058f9   Thumb Code    74  driver_llcc68.o(i.llcc68_set_rx_gain)
    llcc68_set_rx_tx_fallback_mode           0x0800597d   Thumb Code    76  driver_llcc68.o(i.llcc68_set_rx_tx_fallback_mode)
    llcc68_set_standby                       0x08005a0d   Thumb Code    76  driver_llcc68.o(i.llcc68_set_standby)
    llcc68_set_stop_timer_on_preamble        0x08005a91   Thumb Code    76  driver_llcc68.o(i.llcc68_set_stop_timer_on_preamble)
    llcc68_set_tx_clamp_config               0x08005b21   Thumb Code    74  driver_llcc68.o(i.llcc68_set_tx_clamp_config)
    llcc68_set_tx_modulation                 0x08005ba5   Thumb Code    74  driver_llcc68.o(i.llcc68_set_tx_modulation)
    llcc68_set_tx_params                     0x08005c29   Thumb Code    86  driver_llcc68.o(i.llcc68_set_tx_params)
    main                                     0x08005cb9   Thumb Code   318  main.o(i.main)
    __mathlib_powf                           0x08005e3d   Thumb Code     0  powf.o(i.powf)
    powf                                     0x08005e3d   Thumb Code  1548  powf.o(i.powf)
    AHBPrescTable                            0x0800646e   Data          16  system_stm32f1xx.o(.constdata)
    APBPrescTable                            0x0800647e   Data           8  system_stm32f1xx.o(.constdata)
    Region$$Table$$Base                      0x080065c8   Number         0  anon$$obj.o(Region$$Table)
    Region$$Table$$Limit                     0x080065e8   Number         0  anon$$obj.o(Region$$Table)
    uwTick                                   0x20000000   Data           4  stm32f1xx_hal.o(.data)
    uwTickPrio                               0x20000004   Data           4  stm32f1xx_hal.o(.data)
    uwTickFreq                               0x20000008   Data           1  stm32f1xx_hal.o(.data)
    SystemCoreClock                          0x2000000c   Data           4  system_stm32f1xx.o(.data)
    __stdout                                 0x20000010   Data           4  stdout.o(.data)
    hi2c1                                    0x20000018   Data          84  i2c.o(.bss)
    hspi1                                    0x2000006c   Data          88  spi.o(.bss)
    htim3                                    0x200000c4   Data          72  tim.o(.bss)
    huart1                                   0x2000010c   Data          72  usart.o(.bss)
    huart2                                   0x20000154   Data          72  usart.o(.bss)
    huart3                                   0x2000019c   Data          72  usart.o(.bss)
    __initial_sp                             0x200008a0   Data           0  startup_stm32f103xb.o(STACK)



==============================================================================

Memory Map of the image

  Image Entry point : 0x080000ed

  Load Region LR_IROM1 (Base: 0x08000000, Size: 0x00006600, Max: 0x00010000, ABSOLUTE)

    Execution Region ER_IROM1 (Exec base: 0x08000000, Load base: 0x08000000, Size: 0x000065e8, Max: 0x00010000, ABSOLUTE)

    Exec Addr    Load Addr    Size         Type   Attr      Idx    E Section Name        Object

    0x08000000   0x08000000   0x000000ec   Data   RO            3    RESET               startup_stm32f103xb.o
    0x080000ec   0x080000ec   0x00000000   Code   RO         5032  * .ARM.Collect$$$$00000000  mc_w.l(entry.o)
    0x080000ec   0x080000ec   0x00000004   Code   RO         5378    .ARM.Collect$$$$00000001  mc_w.l(entry2.o)
    0x080000f0   0x080000f0   0x00000004   Code   RO         5381    .ARM.Collect$$$$00000004  mc_w.l(entry5.o)
    0x080000f4   0x080000f4   0x00000000   Code   RO         5383    .ARM.Collect$$$$00000008  mc_w.l(entry7b.o)
    0x080000f4   0x080000f4   0x00000000   Code   RO         5385    .ARM.Collect$$$$0000000A  mc_w.l(entry8b.o)
    0x080000f4   0x080000f4   0x00000008   Code   RO         5386    .ARM.Collect$$$$0000000B  mc_w.l(entry9a.o)
    0x080000fc   0x080000fc   0x00000004   Code   RO         5393    .ARM.Collect$$$$0000000E  mc_w.l(entry12b.o)
    0x08000100   0x08000100   0x00000000   Code   RO         5388    .ARM.Collect$$$$0000000F  mc_w.l(entry10a.o)
    0x08000100   0x08000100   0x00000000   Code   RO         5390    .ARM.Collect$$$$00000011  mc_w.l(entry11a.o)
    0x08000100   0x08000100   0x00000004   Code   RO         5379    .ARM.Collect$$$$00002712  mc_w.l(entry2.o)
    0x08000104   0x08000104   0x00000024   Code   RO            4    .text               startup_stm32f103xb.o
    0x08000128   0x08000128   0x00000020   Code   RO         5035    .text               mc_w.l(llushr.o)
    0x08000148   0x08000148   0x00000024   Code   RO         5037    .text               mc_w.l(memcpya.o)
    0x0800016c   0x0800016c   0x00000024   Code   RO         5039    .text               mc_w.l(memseta.o)
    0x08000190   0x08000190   0x00000016   Code   RO         5049    .text               mc_w.l(strrchr.o)
    0x080001a6   0x080001a6   0x000000b0   Code   RO         5328    .text               mf_w.l(fadd.o)
    0x08000256   0x08000256   0x00000064   Code   RO         5330    .text               mf_w.l(fmul.o)
    0x080002ba   0x080002ba   0x0000007c   Code   RO         5332    .text               mf_w.l(fdiv.o)
    0x08000336   0x08000336   0x0000014e   Code   RO         5334    .text               mf_w.l(dadd.o)
    0x08000484   0x08000484   0x000000e4   Code   RO         5336    .text               mf_w.l(dmul.o)
    0x08000568   0x08000568   0x000000de   Code   RO         5338    .text               mf_w.l(ddiv.o)
    0x08000646   0x08000646   0x00000012   Code   RO         5340    .text               mf_w.l(fflti.o)
    0x08000658   0x08000658   0x0000000a   Code   RO         5342    .text               mf_w.l(ffltui.o)
    0x08000662   0x08000662   0x00000028   Code   RO         5350    .text               mf_w.l(ffixui.o)
    0x0800068a   0x0800068a   0x0000002c   Code   RO         5395    .text               mc_w.l(uidiv.o)
    0x080006b6   0x080006b6   0x00000062   Code   RO         5397    .text               mc_w.l(uldiv.o)
    0x08000718   0x08000718   0x0000001e   Code   RO         5399    .text               mc_w.l(llshl.o)
    0x08000736   0x08000736   0x00000024   Code   RO         5401    .text               mc_w.l(llsshr.o)
    0x0800075a   0x0800075a   0x00000000   Code   RO         5446    .text               mc_w.l(iusefp.o)
    0x0800075a   0x0800075a   0x0000006e   Code   RO         5447    .text               mf_w.l(fepilogue.o)
    0x080007c8   0x080007c8   0x00000018   Code   RO         5449    .text               mf_w.l(fscalb.o)
    0x080007e0   0x080007e0   0x000000ba   Code   RO         5451    .text               mf_w.l(depilogue.o)
    0x0800089a   0x0800089a   0x00000030   Code   RO         5455    .text               mf_w.l(dfixul.o)
    0x080008ca   0x080008ca   0x0000004c   Code   RO         5457    .text               mf_w.l(ffixir.o)
    0x08000916   0x08000916   0x00000002   PAD
    0x08000918   0x08000918   0x00000030   Code   RO         5459    .text               mf_w.l(cdrcmple.o)
    0x08000948   0x08000948   0x00000004   Code   RO         5461    .text               mf_w.l(fpstat.o)
    0x0800094c   0x0800094c   0x00000024   Code   RO         5463    .text               mc_w.l(init.o)
    0x08000970   0x08000970   0x00000004   Code   RO          424    i.BusFault_Handler  stm32f1xx_it.o
    0x08000974   0x08000974   0x00000002   Code   RO          425    i.DebugMon_Handler  stm32f1xx_it.o
    0x08000976   0x08000976   0x0000000c   Code   RO          426    i.EXTI9_5_IRQHandler  stm32f1xx_it.o
    0x08000982   0x08000982   0x00000006   Code   RO           13    i.Error_Handler     main.o
    0x08000988   0x08000988   0x00000028   Code   RO         1049    i.HAL_Delay         stm32f1xx_hal.o
    0x080009b0   0x080009b0   0x00000002   Code   RO         1362    i.HAL_GPIO_EXTI_Callback  stm32f1xx_hal_gpio.o
    0x080009b2   0x080009b2   0x00000002   PAD
    0x080009b4   0x080009b4   0x0000001c   Code   RO         1363    i.HAL_GPIO_EXTI_IRQHandler  stm32f1xx_hal_gpio.o
    0x080009d0   0x080009d0   0x00000320   Code   RO         1364    i.HAL_GPIO_Init     stm32f1xx_hal_gpio.o
    0x08000cf0   0x08000cf0   0x00000010   Code   RO         1366    i.HAL_GPIO_ReadPin  stm32f1xx_hal_gpio.o
    0x08000d00   0x08000d00   0x0000000c   Code   RO         1368    i.HAL_GPIO_WritePin  stm32f1xx_hal_gpio.o
    0x08000d0c   0x08000d0c   0x0000000c   Code   RO         1053    i.HAL_GetTick       stm32f1xx_hal.o
    0x08000d18   0x08000d18   0x000001d0   Code   RO          576    i.HAL_I2C_Init      stm32f1xx_hal_i2c.o
    0x08000ee8   0x08000ee8   0x00000074   Code   RO          239    i.HAL_I2C_MspInit   i2c.o
    0x08000f5c   0x08000f5c   0x00000018   Code   RO         1059    i.HAL_IncTick       stm32f1xx_hal.o
    0x08000f74   0x08000f74   0x00000028   Code   RO         1060    i.HAL_Init          stm32f1xx_hal.o
    0x08000f9c   0x08000f9c   0x0000004c   Code   RO         1061    i.HAL_InitTick      stm32f1xx_hal.o
    0x08000fe8   0x08000fe8   0x00000054   Code   RO          505    i.HAL_MspInit       stm32f1xx_hal_msp.o
    0x0800103c   0x0800103c   0x00000020   Code   RO         1524    i.HAL_NVIC_EnableIRQ  stm32f1xx_hal_cortex.o
    0x0800105c   0x0800105c   0x0000007c   Code   RO         1530    i.HAL_NVIC_SetPriority  stm32f1xx_hal_cortex.o
    0x080010d8   0x080010d8   0x00000028   Code   RO         1531    i.HAL_NVIC_SetPriorityGrouping  stm32f1xx_hal_cortex.o
    0x08001100   0x08001100   0x0000018c   Code   RO         1217    i.HAL_RCC_ClockConfig  stm32f1xx_hal_rcc.o
    0x0800128c   0x0800128c   0x0000000c   Code   RO         1222    i.HAL_RCC_GetHCLKFreq  stm32f1xx_hal_rcc.o
    0x08001298   0x08001298   0x00000020   Code   RO         1224    i.HAL_RCC_GetPCLK1Freq  stm32f1xx_hal_rcc.o
    0x080012b8   0x080012b8   0x00000020   Code   RO         1225    i.HAL_RCC_GetPCLK2Freq  stm32f1xx_hal_rcc.o
    0x080012d8   0x080012d8   0x00000070   Code   RO         1226    i.HAL_RCC_GetSysClockFreq  stm32f1xx_hal_rcc.o
    0x08001348   0x08001348   0x00000464   Code   RO         1229    i.HAL_RCC_OscConfig  stm32f1xx_hal_rcc.o
    0x080017ac   0x080017ac   0x000000be   Code   RO         2061    i.HAL_SPI_Init      stm32f1xx_hal_spi.o
    0x0800186a   0x0800186a   0x00000002   PAD
    0x0800186c   0x0800186c   0x00000084   Code   RO          281    i.HAL_SPI_MspInit   spi.o
    0x080018f0   0x080018f0   0x0000017e   Code   RO         2064    i.HAL_SPI_Receive   stm32f1xx_hal_spi.o
    0x08001a6e   0x08001a6e   0x000001bc   Code   RO         2069    i.HAL_SPI_Transmit  stm32f1xx_hal_spi.o
    0x08001c2a   0x08001c2a   0x00000240   Code   RO         2070    i.HAL_SPI_TransmitReceive  stm32f1xx_hal_spi.o
    0x08001e6a   0x08001e6a   0x00000034   Code   RO         1535    i.HAL_SYSTICK_Config  stm32f1xx_hal_cortex.o
    0x08001e9e   0x08001e9e   0x00000002   PAD
    0x08001ea0   0x08001ea0   0x00000084   Code   RO         3108    i.HAL_TIMEx_MasterConfigSynchronization  stm32f1xx_hal_tim_ex.o
    0x08001f24   0x08001f24   0x00000066   Code   RO         2374    i.HAL_TIM_Base_Init  stm32f1xx_hal_tim.o
    0x08001f8a   0x08001f8a   0x00000002   PAD
    0x08001f8c   0x08001f8c   0x00000030   Code   RO          323    i.HAL_TIM_Base_MspInit  tim.o
    0x08001fbc   0x08001fbc   0x0000010c   Code   RO         2383    i.HAL_TIM_ConfigClockSource  stm32f1xx_hal_tim.o
    0x080020c8   0x080020c8   0x00000070   Code   RO          324    i.HAL_TIM_MspPostInit  tim.o
    0x08002138   0x08002138   0x00000104   Code   RO         2446    i.HAL_TIM_PWM_ConfigChannel  stm32f1xx_hal_tim.o
    0x0800223c   0x0800223c   0x00000066   Code   RO         2449    i.HAL_TIM_PWM_Init  stm32f1xx_hal_tim.o
    0x080022a2   0x080022a2   0x00000002   Code   RO         2451    i.HAL_TIM_PWM_MspInit  stm32f1xx_hal_tim.o
    0x080022a4   0x080022a4   0x00000076   Code   RO         3386    i.HAL_UART_Init     stm32f1xx_hal_uart.o
    0x0800231a   0x0800231a   0x00000002   PAD
    0x0800231c   0x0800231c   0x00000160   Code   RO          371    i.HAL_UART_MspInit  usart.o
    0x0800247c   0x0800247c   0x000000b2   Code   RO         3394    i.HAL_UART_Transmit  stm32f1xx_hal_uart.o
    0x0800252e   0x0800252e   0x00000004   Code   RO          427    i.HardFault_Handler  stm32f1xx_it.o
    0x08002532   0x08002532   0x00000002   PAD
    0x08002534   0x08002534   0x000000f0   Code   RO         3819    i.Int_led_send_bit  int_led.o
    0x08002624   0x08002624   0x0000002c   Code   RO         3820    i.Int_led_send_data  int_led.o
    0x08002650   0x08002650   0x00000630   Code   RO         4968    i.Int_llcc68_init   int_llcc68.o
    0x08002c80   0x08002c80   0x00000040   Code   RO         4969    i.Int_llcc68_receive  int_llcc68.o
    0x08002cc0   0x08002cc0   0x00000098   Code   RO         4971    i.Int_llcc68_set_receive_mode  int_llcc68.o
    0x08002d58   0x08002d58   0x00000140   Code   RO          214    i.MX_GPIO_Init      gpio.o
    0x08002e98   0x08002e98   0x0000003c   Code   RO          240    i.MX_I2C1_Init      i2c.o
    0x08002ed4   0x08002ed4   0x00000044   Code   RO          282    i.MX_SPI1_Init      spi.o
    0x08002f18   0x08002f18   0x000000a4   Code   RO          325    i.MX_TIM3_Init      tim.o
    0x08002fbc   0x08002fbc   0x00000038   Code   RO          372    i.MX_USART1_UART_Init  usart.o
    0x08002ff4   0x08002ff4   0x00000038   Code   RO          373    i.MX_USART2_UART_Init  usart.o
    0x0800302c   0x0800302c   0x00000038   Code   RO          374    i.MX_USART3_UART_Init  usart.o
    0x08003064   0x08003064   0x00000004   Code   RO          428    i.MemManage_Handler  stm32f1xx_it.o
    0x08003068   0x08003068   0x00000004   Code   RO          429    i.NMI_Handler       stm32f1xx_it.o
    0x0800306c   0x0800306c   0x00000002   Code   RO          430    i.PendSV_Handler    stm32f1xx_it.o
    0x0800306e   0x0800306e   0x00000002   PAD
    0x08003070   0x08003070   0x00000028   Code   RO         1230    i.RCC_Delay         stm32f1xx_hal_rcc.o
    0x08003098   0x08003098   0x00000078   Code   RO         2098    i.SPI_EndRxTransaction  stm32f1xx_hal_spi.o
    0x08003110   0x08003110   0x00000028   Code   RO         2099    i.SPI_EndRxTxTransaction  stm32f1xx_hal_spi.o
    0x08003138   0x08003138   0x000000d8   Code   RO         2104    i.SPI_WaitFlagStateUntilTimeout  stm32f1xx_hal_spi.o
    0x08003210   0x08003210   0x00000002   Code   RO          431    i.SVC_Handler       stm32f1xx_it.o
    0x08003212   0x08003212   0x00000008   Code   RO          432    i.SysTick_Handler   stm32f1xx_it.o
    0x0800321a   0x0800321a   0x00000066   Code   RO           14    i.SystemClock_Config  main.o
    0x08003280   0x08003280   0x00000002   Code   RO         3730    i.SystemInit        system_stm32f1xx.o
    0x08003282   0x08003282   0x00000002   PAD
    0x08003284   0x08003284   0x00000074   Code   RO         2467    i.TIM_Base_SetConfig  stm32f1xx_hal_tim.o
    0x080032f8   0x080032f8   0x00000016   Code   RO         2478    i.TIM_ETR_SetConfig  stm32f1xx_hal_tim.o
    0x0800330e   0x0800330e   0x00000012   Code   RO         2479    i.TIM_ITRx_SetConfig  stm32f1xx_hal_tim.o
    0x08003320   0x08003320   0x00000060   Code   RO         2480    i.TIM_OC1_SetConfig  stm32f1xx_hal_tim.o
    0x08003380   0x08003380   0x00000068   Code   RO         2481    i.TIM_OC2_SetConfig  stm32f1xx_hal_tim.o
    0x080033e8   0x080033e8   0x00000068   Code   RO         2482    i.TIM_OC3_SetConfig  stm32f1xx_hal_tim.o
    0x08003450   0x08003450   0x00000048   Code   RO         2483    i.TIM_OC4_SetConfig  stm32f1xx_hal_tim.o
    0x08003498   0x08003498   0x00000026   Code   RO         2485    i.TIM_TI1_ConfigInputStage  stm32f1xx_hal_tim.o
    0x080034be   0x080034be   0x00000028   Code   RO         2487    i.TIM_TI2_ConfigInputStage  stm32f1xx_hal_tim.o
    0x080034e6   0x080034e6   0x00000002   PAD
    0x080034e8   0x080034e8   0x000000fc   Code   RO         3413    i.UART_SetConfig    stm32f1xx_hal_uart.o
    0x080035e4   0x080035e4   0x00000092   Code   RO         3417    i.UART_WaitOnFlagUntilTimeout  stm32f1xx_hal_uart.o
    0x08003676   0x08003676   0x00000004   Code   RO          433    i.UsageFault_Handler  stm32f1xx_it.o
    0x0800367a   0x0800367a   0x00000002   PAD
    0x0800367c   0x0800367c   0x00000020   Code   RO         5286    i.__0printf         mc_w.l(printfa.o)
    0x0800369c   0x0800369c   0x00000010   Code   RO         5290    i.__0vprintf        mc_w.l(printfa.o)
    0x080036ac   0x080036ac   0x00000026   Code   RO         5362    i.__ARM_fpclassifyf  m_ws.l(fpclassifyf.o)
    0x080036d2   0x080036d2   0x00000002   PAD
    0x080036d4   0x080036d4   0x00000010   Code   RO         1537    i.__NVIC_GetPriorityGrouping  stm32f1xx_hal_cortex.o
    0x080036e4   0x080036e4   0x00000028   Code   RO         1538    i.__NVIC_SetPriority  stm32f1xx_hal_cortex.o
    0x0800370c   0x0800370c   0x0000000a   Code   RO         5364    i.__mathlib_flt_divzero  m_ws.l(funder.o)
    0x08003716   0x08003716   0x00000004   Code   RO         5366    i.__mathlib_flt_infnan2  m_ws.l(funder.o)
    0x0800371a   0x0800371a   0x00000008   Code   RO         5367    i.__mathlib_flt_invalid  m_ws.l(funder.o)
    0x08003722   0x08003722   0x0000000a   Code   RO         5368    i.__mathlib_flt_overflow  m_ws.l(funder.o)
    0x0800372c   0x0800372c   0x0000000a   Code   RO         5370    i.__mathlib_flt_underflow  m_ws.l(funder.o)
    0x08003736   0x08003736   0x0000000e   Code   RO         5474    i.__scatterload_copy  mc_w.l(handlers.o)
    0x08003744   0x08003744   0x00000002   Code   RO         5475    i.__scatterload_null  mc_w.l(handlers.o)
    0x08003746   0x08003746   0x0000000e   Code   RO         5476    i.__scatterload_zeroinit  mc_w.l(handlers.o)
    0x08003754   0x08003754   0x0000000c   Code   RO         5433    i.__set_errno       mc_w.l(errno.o)
    0x08003760   0x08003760   0x00000184   Code   RO         5293    i._fp_digits        mc_w.l(printfa.o)
    0x080038e4   0x080038e4   0x000006b4   Code   RO         5294    i._printf_core      mc_w.l(printfa.o)
    0x08003f98   0x08003f98   0x00000024   Code   RO         5295    i._printf_post_padding  mc_w.l(printfa.o)
    0x08003fbc   0x08003fbc   0x0000002e   Code   RO         5296    i._printf_pre_padding  mc_w.l(printfa.o)
    0x08003fea   0x08003fea   0x00000040   Code   RO         4177    i.a_llcc68_check_busy  driver_llcc68.o
    0x0800402a   0x0800402a   0x00000024   Code   RO         4178    i.a_llcc68_spi_read  driver_llcc68.o
    0x0800404e   0x0800404e   0x00000002   PAD
    0x08004050   0x08004050   0x00000074   Code   RO         4179    i.a_llcc68_spi_read_buffer  driver_llcc68.o
    0x080040c4   0x080040c4   0x0000007c   Code   RO         4180    i.a_llcc68_spi_read_register  driver_llcc68.o
    0x08004140   0x08004140   0x00000070   Code   RO         4181    i.a_llcc68_spi_write  driver_llcc68.o
    0x080041b0   0x080041b0   0x0000007c   Code   RO         4183    i.a_llcc68_spi_write_register  driver_llcc68.o
    0x0800422c   0x0800422c   0x0000001c   Code   RO         3766    i.fputc             com_debug.o
    0x08004248   0x08004248   0x00000094   Code   RO         4185    i.llcc68_clear_device_errors  driver_llcc68.o
    0x080042dc   0x080042dc   0x00000094   Code   RO         4186    i.llcc68_clear_irq_status  driver_llcc68.o
    0x08004370   0x08004370   0x000000e8   Code   RO         4187    i.llcc68_continuous_receive  driver_llcc68.o
    0x08004458   0x08004458   0x0000011c   Code   RO         4188    i.llcc68_deinit     driver_llcc68.o
    0x08004574   0x08004574   0x0000006c   Code   RO         4190    i.llcc68_frequency_convert_to_register  driver_llcc68.o
    0x080045e0   0x080045e0   0x00000084   Code   RO         4204    i.llcc68_get_iq_polarity  driver_llcc68.o
    0x08004664   0x08004664   0x00000084   Code   RO         4218    i.llcc68_get_tx_clamp_config  driver_llcc68.o
    0x080046e8   0x080046e8   0x00000084   Code   RO         4219    i.llcc68_get_tx_modulation  driver_llcc68.o
    0x0800476c   0x0800476c   0x000003f8   Code   RO         4227    i.llcc68_init       driver_llcc68.o
    0x08004b64   0x08004b64   0x00000004   Code   RO         4865    i.llcc68_interface_busy_gpio_deinit  driver_llcc68_interface.o
    0x08004b68   0x08004b68   0x00000004   Code   RO         4866    i.llcc68_interface_busy_gpio_init  driver_llcc68_interface.o
    0x08004b6c   0x08004b6c   0x00000018   Code   RO         4867    i.llcc68_interface_busy_gpio_read  driver_llcc68_interface.o
    0x08004b84   0x08004b84   0x0000001a   Code   RO         4868    i.llcc68_interface_debug_print  driver_llcc68_interface.o
    0x08004b9e   0x08004b9e   0x0000000c   Code   RO         4869    i.llcc68_interface_delay_ms  driver_llcc68_interface.o
    0x08004baa   0x08004baa   0x00000002   PAD
    0x08004bac   0x08004bac   0x000001c8   Code   RO         4870    i.llcc68_interface_receive_callback  driver_llcc68_interface.o
    0x08004d74   0x08004d74   0x00000004   Code   RO         4871    i.llcc68_interface_reset_gpio_deinit  driver_llcc68_interface.o
    0x08004d78   0x08004d78   0x00000004   Code   RO         4872    i.llcc68_interface_reset_gpio_init  driver_llcc68_interface.o
    0x08004d7c   0x08004d7c   0x00000024   Code   RO         4873    i.llcc68_interface_reset_gpio_write  driver_llcc68_interface.o
    0x08004da0   0x08004da0   0x00000004   Code   RO         4874    i.llcc68_interface_spi_deinit  driver_llcc68_interface.o
    0x08004da4   0x08004da4   0x00000004   Code   RO         4875    i.llcc68_interface_spi_init  driver_llcc68_interface.o
    0x08004da8   0x08004da8   0x00000080   Code   RO         4876    i.llcc68_interface_spi_write_read  driver_llcc68_interface.o
    0x08004e28   0x08004e28   0x000002e4   Code   RO         4228    i.llcc68_irq_handler  driver_llcc68.o
    0x0800510c   0x0800510c   0x000000b4   Code   RO         4233    i.llcc68_reset_stats  driver_llcc68.o
    0x080051c0   0x080051c0   0x00000098   Code   RO         4234    i.llcc68_set_buffer_base_address  driver_llcc68.o
    0x08005258   0x08005258   0x000000cc   Code   RO         4243    i.llcc68_set_dio_irq_params  driver_llcc68.o
    0x08005324   0x08005324   0x00000084   Code   RO         4255    i.llcc68_set_iq_polarity  driver_llcc68.o
    0x080053a8   0x080053a8   0x000000ac   Code   RO         4256    i.llcc68_set_lora_modulation_params  driver_llcc68.o
    0x08005454   0x08005454   0x000000b8   Code   RO         4257    i.llcc68_set_lora_packet_params  driver_llcc68.o
    0x0800550c   0x0800550c   0x00000090   Code   RO         4258    i.llcc68_set_lora_symb_num_timeout  driver_llcc68.o
    0x0800559c   0x0800559c   0x00000090   Code   RO         4259    i.llcc68_set_lora_sync_word  driver_llcc68.o
    0x0800562c   0x0800562c   0x00000084   Code   RO         4260    i.llcc68_set_ocp    driver_llcc68.o
    0x080056b0   0x080056b0   0x00000098   Code   RO         4261    i.llcc68_set_pa_config  driver_llcc68.o
    0x08005748   0x08005748   0x00000088   Code   RO         4262    i.llcc68_set_packet_type  driver_llcc68.o
    0x080057d0   0x080057d0   0x00000088   Code   RO         4265    i.llcc68_set_regulator_mode  driver_llcc68.o
    0x08005858   0x08005858   0x000000a0   Code   RO         4266    i.llcc68_set_rf_frequency  driver_llcc68.o
    0x080058f8   0x080058f8   0x00000084   Code   RO         4270    i.llcc68_set_rx_gain  driver_llcc68.o
    0x0800597c   0x0800597c   0x00000090   Code   RO         4271    i.llcc68_set_rx_tx_fallback_mode  driver_llcc68.o
    0x08005a0c   0x08005a0c   0x00000084   Code   RO         4273    i.llcc68_set_standby  driver_llcc68.o
    0x08005a90   0x08005a90   0x00000090   Code   RO         4274    i.llcc68_set_stop_timer_on_preamble  driver_llcc68.o
    0x08005b20   0x08005b20   0x00000084   Code   RO         4276    i.llcc68_set_tx_clamp_config  driver_llcc68.o
    0x08005ba4   0x08005ba4   0x00000084   Code   RO         4279    i.llcc68_set_tx_modulation  driver_llcc68.o
    0x08005c28   0x08005c28   0x00000090   Code   RO         4280    i.llcc68_set_tx_params  driver_llcc68.o
    0x08005cb8   0x08005cb8   0x00000184   Code   RO           15    i.main              main.o
    0x08005e3c   0x08005e3c   0x00000620   Code   RO         5023    i.powf              m_ws.l(powf.o)
    0x0800645c   0x0800645c   0x00000012   Data   RO         1231    .constdata          stm32f1xx_hal_rcc.o
    0x0800646e   0x0800646e   0x00000018   Data   RO         3731    .constdata          system_stm32f1xx.o
    0x08006486   0x08006486   0x00000002   PAD
    0x08006488   0x08006488   0x00000140   Data   RO         5024    .constdata          m_ws.l(powf.o)
    0x080065c8   0x080065c8   0x00000020   Data   RO         5472    Region$$Table       anon$$obj.o


    Execution Region RW_IRAM1 (Exec base: 0x20000000, Load base: 0x080065e8, Size: 0x000008a0, Max: 0x00005000, ABSOLUTE)

    Exec Addr    Load Addr    Size         Type   Attr      Idx    E Section Name        Object

    0x20000000   0x080065e8   0x00000009   Data   RW         1067    .data               stm32f1xx_hal.o
    0x20000009   0x080065f1   0x00000003   PAD
    0x2000000c   0x080065f4   0x00000004   Data   RW         3732    .data               system_stm32f1xx.o
    0x20000010   0x080065f8   0x00000004   Data   RW         5394    .data               mc_w.l(stdout.o)
    0x20000014   0x080065fc   0x00000004   Data   RW         5434    .data               mc_w.l(errno.o)
    0x20000018        -       0x00000054   Zero   RW          241    .bss                i2c.o
    0x2000006c        -       0x00000058   Zero   RW          283    .bss                spi.o
    0x200000c4        -       0x00000048   Zero   RW          326    .bss                tim.o
    0x2000010c        -       0x000000d8   Zero   RW          375    .bss                usart.o
    0x200001e4        -       0x000002b8   Zero   RW         4973    .bss                int_llcc68.o
    0x2000049c   0x08006600   0x00000004   PAD
    0x200004a0        -       0x00000400   Zero   RW            1    STACK               startup_stm32f103xb.o


==============================================================================

Image component sizes


      Code (inc. data)   RO Data    RW Data    ZI Data      Debug   Object Name

        28          6          0          0          0        580   com_debug.o
      6636       2688          0          0          0      41629   driver_llcc68.o
       706        320          0          0          0       9215   driver_llcc68_interface.o
       320         22          0          0          0       1171   gpio.o
       176         24          0          0         84       1905   i2c.o
       284          4          0          0          0       1440   int_led.o
      1800        872          0          0        696       3289   int_llcc68.o
       496         70          0          0          0     444804   main.o
       200         20          0          0         88       1933   spi.o
        36          8        236          0       1024        876   startup_stm32f103xb.o
       192         36          0          9          0       6481   stm32f1xx_hal.o
       304         22          0          0          0      29955   stm32f1xx_hal_cortex.o
       858         38          0          0          0       4903   stm32f1xx_hal_gpio.o
       464         18          0          0          0       2275   stm32f1xx_hal_i2c.o
        84          8          0          0          0       1042   stm32f1xx_hal_msp.o
      1748         98         18          0          0       6560   stm32f1xx_hal_rcc.o
      1968          6          0          0          0       8218   stm32f1xx_hal_spi.o
      1344         32          0          0          0      11522   stm32f1xx_hal_tim.o
       132         14          0          0          0       1480   stm32f1xx_hal_tim_ex.o
       694          4          0          0          0       4136   stm32f1xx_hal_uart.o
        46          0          0          0          0       5139   stm32f1xx_it.o
         2          0         24          4          0       1343   system_stm32f1xx.o
       324         32          0          0         72       2740   tim.o
       520         54          0          0        216       3368   usart.o

    ----------------------------------------------------------------------
     19386       4396        312         16       2184     596004   Object Totals
         0          0         32          0          0          0   (incl. Generated)
        24          0          2          3          4          0   (incl. Padding)

    ----------------------------------------------------------------------

      Code (inc. data)   RO Data    RW Data    ZI Data      Debug   Library Member Name

        38          0          0          0          0         68   fpclassifyf.o
        42          0          0          0          0        340   funder.o
      1568         80        320          0          0        224   powf.o
         0          0          0          0          0          0   entry.o
         0          0          0          0          0          0   entry10a.o
         0          0          0          0          0          0   entry11a.o
         4          0          0          0          0          0   entry12b.o
         8          4          0          0          0          0   entry2.o
         4          0          0          0          0          0   entry5.o
         0          0          0          0          0          0   entry7b.o
         0          0          0          0          0          0   entry8b.o
         8          4          0          0          0          0   entry9a.o
        12          6          0          4          0         68   errno.o
        30          0          0          0          0          0   handlers.o
        36          8          0          0          0         68   init.o
         0          0          0          0          0          0   iusefp.o
        30          0          0          0          0         68   llshl.o
        36          0          0          0          0         68   llsshr.o
        32          0          0          0          0         68   llushr.o
        36          0          0          0          0         68   memcpya.o
        36          0          0          0          0        108   memseta.o
      2234         98          0          0          0        532   printfa.o
         0          0          0          4          0          0   stdout.o
        22          0          0          0          0         68   strrchr.o
        44          0          0          0          0         80   uidiv.o
        98          0          0          0          0         92   uldiv.o
        48          0          0          0          0         68   cdrcmple.o
       334          0          0          0          0        148   dadd.o
       222          0          0          0          0        100   ddiv.o
       186          0          0          0          0        176   depilogue.o
        48          0          0          0          0         68   dfixul.o
       228          0          0          0          0         96   dmul.o
       176          0          0          0          0        140   fadd.o
       124          0          0          0          0         88   fdiv.o
       110          0          0          0          0        168   fepilogue.o
        76          0          0          0          0         76   ffixir.o
        40          0          0          0          0         68   ffixui.o
        18          0          0          0          0         68   fflti.o
        10          0          0          0          0         68   ffltui.o
       100          0          0          0          0         76   fmul.o
         4          0          0          0          0         68   fpstat.o
        24          0          0          0          0         68   fscalb.o

    ----------------------------------------------------------------------
      6070        200        320          8          0       3464   Library Totals
         4          0          0          0          0          0   (incl. Padding)

    ----------------------------------------------------------------------

      Code (inc. data)   RO Data    RW Data    ZI Data      Debug   Library Name

      1648         80        320          0          0        632   m_ws.l
      2670        120          0          8          0       1288   mc_w.l
      1748          0          0          0          0       1544   mf_w.l

    ----------------------------------------------------------------------
      6070        200        320          8          0       3464   Library Totals

    ----------------------------------------------------------------------

==============================================================================


      Code (inc. data)   RO Data    RW Data    ZI Data      Debug   

     25456       4596        632         24       2184     591144   Grand Totals
     25456       4596        632         24       2184     591144   ELF Image Totals
     25456       4596        632         24          0          0   ROM Totals

==============================================================================

    Total RO  Size (Code + RO Data)                26088 (  25.48kB)
    Total RW  Size (RW Data + ZI Data)              2208 (   2.16kB)
    Total ROM Size (Code + RO Data + RW Data)      26112 (  25.50kB)

==============================================================================

